Archive member included to satisfy reference by file (symbol)

C:/ST/STM32CubeIDE_1.15.0/STM32CubeIDE/plugins/com.st.stm32cube.ide.mcu.externaltools.gnu-tools-for-stm32.12.3.rel1.win32_1.0.100.202403111256/tools/bin/../lib/gcc/arm-none-eabi/12.3.1/../../../../arm-none-eabi/lib/thumb/v7-m/nofp\libc_nano.a(libc_a-exit.o)
                              C:/ST/STM32CubeIDE_1.15.0/STM32CubeIDE/plugins/com.st.stm32cube.ide.mcu.externaltools.gnu-tools-for-stm32.12.3.rel1.win32_1.0.100.202403111256/tools/bin/../lib/gcc/arm-none-eabi/12.3.1/../../../../arm-none-eabi/lib/thumb/v7-m/nofp/crt0.o (exit)
C:/ST/STM32CubeIDE_1.15.0/STM32CubeIDE/plugins/com.st.stm32cube.ide.mcu.externaltools.gnu-tools-for-stm32.12.3.rel1.win32_1.0.100.202403111256/tools/bin/../lib/gcc/arm-none-eabi/12.3.1/../../../../arm-none-eabi/lib/thumb/v7-m/nofp\libc_nano.a(libc_a-findfp.o)
                              C:/ST/STM32CubeIDE_1.15.0/STM32CubeIDE/plugins/com.st.stm32cube.ide.mcu.externaltools.gnu-tools-for-stm32.12.3.rel1.win32_1.0.100.202403111256/tools/bin/../lib/gcc/arm-none-eabi/12.3.1/../../../../arm-none-eabi/lib/thumb/v7-m/nofp\libc_nano.a(libc_a-exit.o) (__stdio_exit_handler)
C:/ST/STM32CubeIDE_1.15.0/STM32CubeIDE/plugins/com.st.stm32cube.ide.mcu.externaltools.gnu-tools-for-stm32.12.3.rel1.win32_1.0.100.202403111256/tools/bin/../lib/gcc/arm-none-eabi/12.3.1/../../../../arm-none-eabi/lib/thumb/v7-m/nofp\libc_nano.a(libc_a-fwalk.o)
                              C:/ST/STM32CubeIDE_1.15.0/STM32CubeIDE/plugins/com.st.stm32cube.ide.mcu.externaltools.gnu-tools-for-stm32.12.3.rel1.win32_1.0.100.202403111256/tools/bin/../lib/gcc/arm-none-eabi/12.3.1/../../../../arm-none-eabi/lib/thumb/v7-m/nofp\libc_nano.a(libc_a-findfp.o) (_fwalk_sglue)
C:/ST/STM32CubeIDE_1.15.0/STM32CubeIDE/plugins/com.st.stm32cube.ide.mcu.externaltools.gnu-tools-for-stm32.12.3.rel1.win32_1.0.100.202403111256/tools/bin/../lib/gcc/arm-none-eabi/12.3.1/../../../../arm-none-eabi/lib/thumb/v7-m/nofp\libc_nano.a(libc_a-stdio.o)
                              C:/ST/STM32CubeIDE_1.15.0/STM32CubeIDE/plugins/com.st.stm32cube.ide.mcu.externaltools.gnu-tools-for-stm32.12.3.rel1.win32_1.0.100.202403111256/tools/bin/../lib/gcc/arm-none-eabi/12.3.1/../../../../arm-none-eabi/lib/thumb/v7-m/nofp\libc_nano.a(libc_a-findfp.o) (__sread)
C:/ST/STM32CubeIDE_1.15.0/STM32CubeIDE/plugins/com.st.stm32cube.ide.mcu.externaltools.gnu-tools-for-stm32.12.3.rel1.win32_1.0.100.202403111256/tools/bin/../lib/gcc/arm-none-eabi/12.3.1/../../../../arm-none-eabi/lib/thumb/v7-m/nofp\libc_nano.a(libc_a-memset.o)
                              C:/ST/STM32CubeIDE_1.15.0/STM32CubeIDE/plugins/com.st.stm32cube.ide.mcu.externaltools.gnu-tools-for-stm32.12.3.rel1.win32_1.0.100.202403111256/tools/bin/../lib/gcc/arm-none-eabi/12.3.1/../../../../arm-none-eabi/lib/thumb/v7-m/nofp/crt0.o (memset)
C:/ST/STM32CubeIDE_1.15.0/STM32CubeIDE/plugins/com.st.stm32cube.ide.mcu.externaltools.gnu-tools-for-stm32.12.3.rel1.win32_1.0.100.202403111256/tools/bin/../lib/gcc/arm-none-eabi/12.3.1/../../../../arm-none-eabi/lib/thumb/v7-m/nofp\libc_nano.a(libc_a-closer.o)
                              C:/ST/STM32CubeIDE_1.15.0/STM32CubeIDE/plugins/com.st.stm32cube.ide.mcu.externaltools.gnu-tools-for-stm32.12.3.rel1.win32_1.0.100.202403111256/tools/bin/../lib/gcc/arm-none-eabi/12.3.1/../../../../arm-none-eabi/lib/thumb/v7-m/nofp\libc_nano.a(libc_a-stdio.o) (_close_r)
C:/ST/STM32CubeIDE_1.15.0/STM32CubeIDE/plugins/com.st.stm32cube.ide.mcu.externaltools.gnu-tools-for-stm32.12.3.rel1.win32_1.0.100.202403111256/tools/bin/../lib/gcc/arm-none-eabi/12.3.1/../../../../arm-none-eabi/lib/thumb/v7-m/nofp\libc_nano.a(libc_a-reent.o)
                              C:/ST/STM32CubeIDE_1.15.0/STM32CubeIDE/plugins/com.st.stm32cube.ide.mcu.externaltools.gnu-tools-for-stm32.12.3.rel1.win32_1.0.100.202403111256/tools/bin/../lib/gcc/arm-none-eabi/12.3.1/../../../../arm-none-eabi/lib/thumb/v7-m/nofp\libc_nano.a(libc_a-closer.o) (errno)
C:/ST/STM32CubeIDE_1.15.0/STM32CubeIDE/plugins/com.st.stm32cube.ide.mcu.externaltools.gnu-tools-for-stm32.12.3.rel1.win32_1.0.100.202403111256/tools/bin/../lib/gcc/arm-none-eabi/12.3.1/../../../../arm-none-eabi/lib/thumb/v7-m/nofp\libc_nano.a(libc_a-impure.o)
                              C:/ST/STM32CubeIDE_1.15.0/STM32CubeIDE/plugins/com.st.stm32cube.ide.mcu.externaltools.gnu-tools-for-stm32.12.3.rel1.win32_1.0.100.202403111256/tools/bin/../lib/gcc/arm-none-eabi/12.3.1/../../../../arm-none-eabi/lib/thumb/v7-m/nofp\libc_nano.a(libc_a-reent.o) (_impure_ptr)
C:/ST/STM32CubeIDE_1.15.0/STM32CubeIDE/plugins/com.st.stm32cube.ide.mcu.externaltools.gnu-tools-for-stm32.12.3.rel1.win32_1.0.100.202403111256/tools/bin/../lib/gcc/arm-none-eabi/12.3.1/../../../../arm-none-eabi/lib/thumb/v7-m/nofp\libc_nano.a(libc_a-lseekr.o)
[...]
Memory Configuration

Name             Origin             Length             Attributes
RAM              0x20000000         0x00005000         xrw
FLASH            0x08000000         0x00010000         xr
*default*        0x00000000         0xffffffff

Linker script and memory map

LOAD C:/ST/STM32CubeIDE_1.15.0/STM32CubeIDE/plugins/com.st.stm32cube.ide.mcu.externaltools.gnu-tools-for-stm32.12.3.rel1.win32_1.0.100.202403111256/tools/bin/../lib/gcc/arm-none-eabi/12.3.1/thumb/v7-m/nofp/crti.o
LOAD C:/ST/STM32CubeIDE_1.15.0/STM32CubeIDE/plugins/com.st.stm32cube.ide.mcu.externaltools.gnu-tools-for-stm32.12.3.rel1.win32_1.0.100.202403111256/tools/bin/../lib/gcc/arm-none-eabi/12.3.1/thumb/v7-m/nofp/crtbegin.o
LOAD C:/ST/STM32CubeIDE_1.15.0/STM32CubeIDE/plugins/com.st.stm32cube.ide.mcu.externaltools.gnu-tools-for-stm32.12.3.rel1.win32_1.0.100.202403111256/tools/bin/../lib/gcc/arm-none-eabi/12.3.1/../../../../arm-none-eabi/lib/thumb/v7-m/nofp/crt0.o
LOAD ./Core/Src/main.o
LOAD ./Core/Src/stepper.o
LOAD ./Core/Src/stm32f1xx_hal_msp.o
LOAD ./Core/Src/stm32f1xx_it.o
LOAD ./Core/Src/syscalls.o
LOAD ./Core/Src/sysmem.o
LOAD ./Core/Src/system_stm32f1xx.o
LOAD ./Core/Startup/startup_stm32f103c8tx.o
LOAD ./Drivers/STM32F1xx_HAL_Driver/Src/stm32f1xx_hal.o
LOAD ./Drivers/STM32F1xx_HAL_Driver/Src/stm32f1xx_hal_can.o
LOAD ./Drivers/STM32F1xx_HAL_Driver/Src/stm32f1xx_hal_cortex.o
LOAD ./Drivers/STM32F1xx_HAL_Driver/Src/stm32f1xx_hal_dma.o
LOAD ./Drivers/STM32F1xx_HAL_Driver/Src/stm32f1xx_hal_exti.o
LOAD ./Drivers/STM32F1xx_HAL_Driver/Src/stm32f1xx_hal_flash.o
LOAD ./Drivers/STM32F1xx_HAL_Driver/Src/stm32f1xx_hal_flash_ex.o
LOAD ./Drivers/STM32F1xx_HAL_Driver/Src/stm32f1xx_hal_gpio.o
LOAD ./Drivers/STM32F1xx_HAL_Driver/Src/stm32f1xx_hal_gpio_ex.o
LOAD ./Drivers/STM32F1xx_HAL_Driver/Src/stm32f1xx_hal_pcd.o
LOAD ./Drivers/STM32F1xx_HAL_Driver/Src/stm32f1xx_hal_pcd_ex.o
LOAD ./Drivers/STM32F1xx_HAL_Driver/Src/stm32f1xx_hal_pwr.o
LOAD ./Drivers/STM32F1xx_HAL_Driver/Src/stm32f1xx_hal_rcc.o
LOAD ./Drivers/STM32F1xx_HAL_Driver/Src/stm32f1xx_hal_rcc_ex.o
LOAD ./Drivers/STM32F1xx_HAL_Driver/Src/stm32f1xx_hal_tim.o
LOAD ./Drivers/STM32F1xx_HAL_Driver/Src/stm32f1xx_hal_tim_ex.o
LOAD ./Drivers/STM32F1xx_HAL_Driver/Src/stm32f1xx_ll_usb.o
LOAD ./Middlewares/ST/STM32_USB_Device_Library/Class/CDC/Src/usbd_cdc.o
LOAD ./Middlewares/ST/STM32_USB_Device_Library/Core/Src/usbd_core.o
LOAD ./Middlewares/ST/STM32_USB_Device_Library/Core/Src/usbd_ctlreq.o
LOAD ./Middlewares/ST/STM32_USB_Device_Library/Core/Src/usbd_ioreq.o
LOAD ./STM32_VCP/usbd_cdc_if.o
LOAD ./USB_DEVICE/App/usb_device.o
LOAD ./USB_DEVICE/App/usbd_desc.o
LOAD ./USB_DEVICE/Target/usbd_conf.o
START GROUP
LOAD C:/ST/STM32CubeIDE_1.15.0/STM32CubeIDE/plugins/com.st.stm32cube.ide.mcu.externaltools.gnu-tools-for-stm32.12.3.rel1.win32_1.0.100.202403111256/tools/bin/../lib/gcc/arm-none-eabi/12.3.1/../../../../arm-none-eabi/lib/thumb/v7-m/nofp\libc_nano.a
LOAD C:/ST/STM32CubeIDE_1.15.0/STM32CubeIDE/plugins/com.st.stm32cube.ide.mcu.externaltools.gnu-tools-for-stm32.12.3.rel1.win32_1.0.100.202403111256/tools/bin/../lib/gcc/arm-none-eabi/12.3.1/../../../../arm-none-eabi/lib/thumb/v7-m/nofp\libm.a
END GROUP
START GROUP
LOAD C:/ST/STM32CubeIDE_1.15.0/STM32CubeIDE/plugins/com.st.stm32cube.ide.mcu.externaltools.gnu-tools-for-stm32.12.3.rel1.win32_1.0.100.202403111256/tools/bin/../lib/gcc/arm-none-eabi/12.3.1/thumb/v7-m/nofp\libgcc.a
LOAD C:/ST/STM32CubeIDE_1.15.0/STM32CubeIDE/plugins/com.st.stm32cube.ide.mcu.externaltools.gnu-tools-for-stm32.12.3.rel1.win32_1.0.100.202403111256/tools/bin/../lib/gcc/arm-none-eabi/12.3.1/../../../../arm-none-eabi/lib/thumb/v7-m/nofp\libc_nano.a
END GROUP
START GROUP
LOAD C:/ST/STM32CubeIDE_1.15.0/STM32CubeIDE/plugins/com.st.stm32cube.ide.mcu.externaltools.gnu-tools-for-stm32.12.3.rel1.win32_1.0.100.202403111256/tools/bin/../lib/gcc/arm-none-eabi/12.3.1/thumb/v7-m/nofp\libgcc.a
LOAD C:/ST/STM32CubeIDE_1.15.0/STM32CubeIDE/plugins/com.st.stm32cube.ide.mcu.externaltools.gnu-tools-for-stm32.12.3.rel1.win32_1.0.100.202403111256/tools/bin/../lib/gcc/arm-none-eabi/12.3.1/../../../../arm-none-eabi/lib/thumb/v7-m/nofp\libc_nano.a
LOAD C:/ST/STM32CubeIDE_1.15.0/STM32CubeIDE/plugins/com.st.stm32cube.ide.mcu.externaltools.gnu-tools-for-stm32.12.3.rel1.win32_1.0.100.202403111256/tools/bin/../lib/gcc/arm-none-eabi/12.3.1/../../../../arm-none-eabi/lib/thumb/v7-m/nofp\libnosys.a
END GROUP
START GROUP
LOAD C:/ST/STM32CubeIDE_1.15.0/STM32CubeIDE/plugins/com.st.stm32cube.ide.mcu.externaltools.gnu-tools-for-stm32.12.3.rel1.win32_1.0.100.202403111256/tools/bin/../lib/gcc/arm-none-eabi/12.3.1/thumb/v7-m/nofp\libgcc.a
LOAD C:/ST/STM32CubeIDE_1.15.0/STM32CubeIDE/plugins/com.st.stm32cube.ide.mcu.externaltools.gnu-tools-for-stm32.12.3.rel1.win32_1.0.100.202403111256/tools/bin/../lib/gcc/arm-none-eabi/12.3.1/../../../../arm-none-eabi/lib/thumb/v7-m/nofp\libc_nano.a
LOAD C:/ST/STM32CubeIDE_1.15.0/STM32CubeIDE/plugins/com.st.stm32cube.ide.mcu.externaltools.gnu-tools-for-stm32.12.3.rel1.win32_1.0.100.202403111256/tools/bin/../lib/gcc/arm-none-eabi/12.3.1/../../../../arm-none-eabi/lib/thumb/v7-m/nofp\libnosys.a
END GROUP
LOAD C:/ST/STM32CubeIDE_1.15.0/STM32CubeIDE/plugins/com.st.stm32cube.ide.mcu.externaltools.gnu-tools-for-stm32.12.3.rel1.win32_1.0.100.202403111256/tools/bin/../lib/gcc/arm-none-eabi/12.3.1/thumb/v7-m/nofp/crtend.o
LOAD C:/ST/STM32CubeIDE_1.15.0/STM32CubeIDE/plugins/com.st.stm32cube.ide.mcu.externaltools.gnu-tools-for-stm32.12.3.rel1.win32_1.0.100.202403111256/tools/bin/../lib/gcc/arm-none-eabi/12.3.1/thumb/v7-m/nofp/crtn.o
                0x20005000                        _estack = (ORIGIN (RAM) + LENGTH (RAM))
                0x00000200                        _Min_Heap_Size = 0x200
                0x00000400                        _Min_Stack_Size = 0x400

.isr_vector     0x08000000      0x10c
                0x08000000                        . = ALIGN (0x4)
 *(.isr_vector)
 .isr_vector    0x08000000      0x10c ./Core/Startup/startup_stm32f103c8tx.o
                0x08000000                g_pfnVectors
                0x0800010c                        . = ALIGN (0x4)

.text           0x0800010c     0x8e24
                0x0800010c                        . = ALIGN (0x4)
 *(.text)
 .text          0x0800010c       0x40 C:/ST/STM32CubeIDE_1.15.0/STM32CubeIDE/plugins/com.st.stm32cube.ide.mcu.externaltools.gnu-tools-for-stm32.12.3.rel1.win32_1.0.100.202403111256/tools/bin/../lib/gcc/arm-none-eabi/12.3.1/thumb/v7-m/nofp/crtbegin.o
 *(.text*)
 .text.main     0x0800014c       0x4e ./Core/Src/main.o
                0x0800014c                main
 .text.SystemClock_Config
                0x0800019a       0xb6 ./Core/Src/main.o
                0x0800019a                SystemClock_Config
 .text.MX_CAN_Init
                0x08000250       0x68 ./Core/Src/main.o
 .text.MX_TIM2_Init
                0x080002b8      0x12c ./Core/Src/main.o
 .text.MX_TIM3_Init
                0x080003e4      0x130 ./Core/Src/main.o
 .text.MX_GPIO_Init
                0x08000514       0x5c ./Core/Src/main.o
 .text.set_pwm  0x08000570       0xc8 ./Core/Src/main.o
                0x08000570                set_pwm
 .text.user_pwm_init
                0x08000638       0x50 ./Core/Src/main.o
                0x08000638                user_pwm_init
 .text.stop_motor
                0x08000688       0x40 ./Core/Src/main.o
                0x08000688                stop_motor
 .text.set_phase
                0x080006c8      0x120 ./Core/Src/main.o
                0x080006c8                set_phase
 .text.fs_right
                0x080007e8       0x60 ./Core/Src/main.o
                0x080007e8                fs_right
 .text.Error_Handler
                0x08000848        0xc ./Core/Src/main.o
                0x08000848                Error_Handler
 .text.HAL_MspInit
                0x08000854       0x64 ./Core/Src/stm32f1xx_hal_msp.o
                0x08000854                HAL_MspInit
 .text.HAL_CAN_MspInit
                0x080008b8       0xd0 ./Core/Src/stm32f1xx_hal_msp.o
                0x080008b8                HAL_CAN_MspInit
 .text.HAL_TIM_Base_MspInit
                0x08000988       0x60 ./Core/Src/stm32f1xx_hal_msp.o
                0x08000988                HAL_TIM_Base_MspInit
 .text.HAL_TIM_MspPostInit
                0x080009e8       0xd4 ./Core/Src/stm32f1xx_hal_msp.o
                0x080009e8                HAL_TIM_MspPostInit
 .text.NMI_Handler
                0x08000abc        0x8 ./Core/Src/stm32f1xx_it.o
                0x08000abc                NMI_Handler
 .text.HardFault_Handler
                0x08000ac4        0x8 ./Core/Src/stm32f1xx_it.o
                0x08000ac4                HardFault_Handler
 .text.MemManage_Handler
                0x08000acc        0x8 ./Core/Src/stm32f1xx_it.o
                0x08000acc                MemManage_Handler
 .text.BusFault_Handler
                0x08000ad4        0x8 ./Core/Src/stm32f1xx_it.o
                0x08000ad4                BusFault_Handler
 .text.UsageFault_Handler
                0x08000adc        0x8 ./Core/Src/stm32f1xx_it.o
                0x08000adc                UsageFault_Handler
 .text.SVC_Handler
                0x08000ae4        0xc ./Core/Src/stm32f1xx_it.o
                0x08000ae4                SVC_Handler
 .text.DebugMon_Handler
                0x08000af0        0xc ./Core/Src/stm32f1xx_it.o
                0x08000af0                DebugMon_Handler
 .text.PendSV_Handler
                0x08000afc        0xc ./Core/Src/stm32f1xx_it.o
                0x08000afc                PendSV_Handler
 .text.SysTick_Handler
                0x08000b08        0xc ./Core/Src/stm32f1xx_it.o
                0x08000b08                SysTick_Handler
 .text.USB_LP_CAN1_RX0_IRQHandler
                0x08000b14       0x1c ./Core/Src/stm32f1xx_it.o
                0x08000b14                USB_LP_CAN1_RX0_IRQHandler
 .text.SystemInit
                0x08000b30        0xc ./Core/Src/system_stm32f1xx.o
                0x08000b30                SystemInit
 .text.Reset_Handler
                0x08000b3c       0x48 ./Core/Startup/startup_stm32f103c8tx.o
                0x08000b3c                Reset_Handler
 .text.Default_Handler
                0x08000b84        0x2 ./Core/Startup/startup_stm32f103c8tx.o
                0x08000b84                RTC_Alarm_IRQHandler
                0x08000b84                EXTI2_IRQHandler
                0x08000b84                TIM1_CC_IRQHandler
                0x08000b84                PVD_IRQHandler
                0x08000b84                EXTI3_IRQHandler
                0x08000b84                EXTI0_IRQHandler
                0x08000b84                I2C2_EV_IRQHandler
                0x08000b84                ADC1_2_IRQHandler
                0x08000b84                SPI1_IRQHandler
                0x08000b84                TAMPER_IRQHandler
                0x08000b84                DMA1_Channel4_IRQHandler
                0x08000b84                USART3_IRQHandler
                0x08000b84                RTC_IRQHandler
                0x08000b84                DMA1_Channel7_IRQHandler
                0x08000b84                CAN1_RX1_IRQHandler
                0x08000b84                TIM4_IRQHandler
                0x08000b84                I2C1_EV_IRQHandler
                0x08000b84                DMA1_Channel6_IRQHandler
                0x08000b84                TIM3_IRQHandler
                0x08000b84                RCC_IRQHandler
                0x08000b84                TIM1_TRG_COM_IRQHandler
                0x08000b84                DMA1_Channel1_IRQHandler
                0x08000b84                Default_Handler
                0x08000b84                EXTI15_10_IRQHandler
                0x08000b84                EXTI9_5_IRQHandler
                0x08000b84                SPI2_IRQHandler
                0x08000b84                DMA1_Channel5_IRQHandler
                0x08000b84                EXTI4_IRQHandler
                0x08000b84                USB_HP_CAN1_TX_IRQHandler
                0x08000b84                DMA1_Channel3_IRQHandler
                0x08000b84                TIM1_UP_IRQHandler
                0x08000b84                WWDG_IRQHandler
                0x08000b84                TIM2_IRQHandler
                0x08000b84                TIM1_BRK_IRQHandler
                0x08000b84                EXTI1_IRQHandler
                0x08000b84                USART2_IRQHandler
                0x08000b84                I2C2_ER_IRQHandler
                0x08000b84                DMA1_Channel2_IRQHandler
                0x08000b84                CAN1_SCE_IRQHandler
                0x08000b84                FLASH_IRQHandler
                0x08000b84                USART1_IRQHandler
                0x08000b84                I2C1_ER_IRQHandler
                0x08000b84                USBWakeUp_IRQHandler
 *fill*         0x08000b86        0x2 
 .text.HAL_Init
                0x08000b88       0x2c ./Drivers/STM32F1xx_HAL_Driver/Src/stm32f1xx_hal.o
                0x08000b88                HAL_Init
 .text.HAL_InitTick
                0x08000bb4       0x60 ./Drivers/STM32F1xx_HAL_Driver/Src/stm32f1xx_hal.o
                0x08000bb4                HAL_InitTick
 .text.HAL_IncTick
                0x08000c14       0x24 ./Drivers/STM32F1xx_HAL_Driver/Src/stm32f1xx_hal.o
                0x08000c14                HAL_IncTick
 .text.HAL_GetTick
                0x08000c38       0x14 ./Drivers/STM32F1xx_HAL_Driver/Src/stm32f1xx_hal.o
                0x08000c38                HAL_GetTick
 .text.HAL_Delay
                0x08000c4c       0x48 ./Drivers/STM32F1xx_HAL_Driver/Src/stm32f1xx_hal.o
                0x08000c4c                HAL_Delay
 .text.HAL_CAN_Init
                0x08000c94      0x1f6 ./Drivers/STM32F1xx_HAL_Driver/Src/stm32f1xx_hal_can.o
                0x08000c94                HAL_CAN_Init
 .text.HAL_CAN_IRQHandler
                0x08000e8a      0x36e ./Drivers/STM32F1xx_HAL_Driver/Src/stm32f1xx_hal_can.o
                0x08000e8a                HAL_CAN_IRQHandler
 .text.HAL_CAN_TxMailbox0CompleteCallback
                0x080011f8       0x12 ./Drivers/STM32F1xx_HAL_Driver/Src/stm32f1xx_hal_can.o
                0x080011f8                HAL_CAN_TxMailbox0CompleteCallback
 .text.HAL_CAN_TxMailbox1CompleteCallback
                0x0800120a       0x12 ./Drivers/STM32F1xx_HAL_Driver/Src/stm32f1xx_hal_can.o
                0x0800120a                HAL_CAN_TxMailbox1CompleteCallback
 .text.HAL_CAN_TxMailbox2CompleteCallback
                0x0800121c       0x12 ./Drivers/STM32F1xx_HAL_Driver/Src/stm32f1xx_hal_can.o
                0x0800121c                HAL_CAN_TxMailbox2CompleteCallback
 .text.HAL_CAN_TxMailbox0AbortCallback
                0x0800122e       0x12 ./Drivers/STM32F1xx_HAL_Driver/Src/stm32f1xx_hal_can.o
                0x0800122e                HAL_CAN_TxMailbox0AbortCallback
 .text.HAL_CAN_TxMailbox1AbortCallback
                0x08001240       0x12 ./Drivers/STM32F1xx_HAL_Driver/Src/stm32f1xx_hal_can.o
                0x08001240                HAL_CAN_TxMailbox1AbortCallback
 .text.HAL_CAN_TxMailbox2AbortCallback
                0x08001252       0x12 ./Drivers/STM32F1xx_HAL_Driver/Src/stm32f1xx_hal_can.o
                0x08001252                HAL_CAN_TxMailbox2AbortCallback
 .text.HAL_CAN_RxFifo0MsgPendingCallback
                0x08001264       0x12 ./Drivers/STM32F1xx_HAL_Driver/Src/stm32f1xx_hal_can.o
                0x08001264                HAL_CAN_RxFifo0MsgPendingCallback
 .text.HAL_CAN_RxFifo0FullCallback
                0x08001276       0x12 ./Drivers/STM32F1xx_HAL_Driver/Src/stm32f1xx_hal_can.o
                0x08001276                HAL_CAN_RxFifo0FullCallback
 .text.HAL_CAN_RxFifo1MsgPendingCallback
                0x08001288       0x12 ./Drivers/STM32F1xx_HAL_Driver/Src/stm32f1xx_hal_can.o
                0x08001288                HAL_CAN_RxFifo1MsgPendingCallback
 .text.HAL_CAN_RxFifo1FullCallback
                0x0800129a       0x12 ./Drivers/STM32F1xx_HAL_Driver/Src/stm32f1xx_hal_can.o
                0x0800129a                HAL_CAN_RxFifo1FullCallback
 .text.HAL_CAN_SleepCallback
                0x080012ac       0x12 ./Drivers/STM32F1xx_HAL_Driver/Src/stm32f1xx_hal_can.o
                0x080012ac                HAL_CAN_SleepCallback
 .text.HAL_CAN_WakeUpFromRxMsgCallback
                0x080012be       0x12 ./Drivers/STM32F1xx_HAL_Driver/Src/stm32f1xx_hal_can.o
                0x080012be                HAL_CAN_WakeUpFromRxMsgCallback
 .text.HAL_CAN_ErrorCallback
                0x080012d0       0x12 ./Drivers/STM32F1xx_HAL_Driver/Src/stm32f1xx_hal_can.o
                0x080012d0                HAL_CAN_ErrorCallback
 *fill*         0x080012e2        0x2 
 .text.__NVIC_SetPriorityGrouping
                0x080012e4       0x48 ./Drivers/STM32F1xx_HAL_Driver/Src/stm32f1xx_hal_cortex.o
 .text.__NVIC_GetPriorityGrouping
                0x0800132c       0x1c ./Drivers/STM32F1xx_HAL_Driver/Src/stm32f1xx_hal_cortex.o
 .text.__NVIC_EnableIRQ
                0x08001348       0x38 ./Drivers/STM32F1xx_HAL_Driver/Src/stm32f1xx_hal_cortex.o
 .text.__NVIC_SetPriority
                0x08001380       0x54 ./Drivers/STM32F1xx_HAL_Driver/Src/stm32f1xx_hal_cortex.o
 .text.NVIC_EncodePriority
                0x080013d4       0x64 ./Drivers/STM32F1xx_HAL_Driver/Src/stm32f1xx_hal_cortex.o
 .text.SysTick_Config
                0x08001438       0x44 ./Drivers/STM32F1xx_HAL_Driver/Src/stm32f1xx_hal_cortex.o
 .text.HAL_NVIC_SetPriorityGrouping
                0x0800147c       0x16 ./Drivers/STM32F1xx_HAL_Driver/Src/stm32f1xx_hal_cortex.o
                0x0800147c                HAL_NVIC_SetPriorityGrouping
 .text.HAL_NVIC_SetPriority
                0x08001492       0x38 ./Drivers/STM32F1xx_HAL_Driver/Src/stm32f1xx_hal_cortex.o
                0x08001492                HAL_NVIC_SetPriority
 .text.HAL_NVIC_EnableIRQ
                0x080014ca       0x1c ./Drivers/STM32F1xx_HAL_Driver/Src/stm32f1xx_hal_cortex.o
                0x080014ca                HAL_NVIC_EnableIRQ
 .text.HAL_SYSTICK_Config
                0x080014e6       0x18 ./Drivers/STM32F1xx_HAL_Driver/Src/stm32f1xx_hal_cortex.o
                0x080014e6                HAL_SYSTICK_Config
 *fill*         0x080014fe        0x2 
 .text.HAL_GPIO_Init
                0x08001500      0x308 ./Drivers/STM32F1xx_HAL_Driver/Src/stm32f1xx_hal_gpio.o
                0x08001500                HAL_GPIO_Init
 .text.HAL_PCD_Init
                0x08001808      0x1fe ./Drivers/STM32F1xx_HAL_Driver/Src/stm32f1xx_hal_pcd.o
                0x08001808                HAL_PCD_Init
 .text.HAL_PCD_Start
                0x08001a06       0x4c ./Drivers/STM32F1xx_HAL_Driver/Src/stm32f1xx_hal_pcd.o
                0x08001a06                HAL_PCD_Start
 .text.HAL_PCD_IRQHandler
                0x08001a52      0x260 ./Drivers/STM32F1xx_HAL_Driver/Src/stm32f1xx_hal_pcd.o
                0x08001a52                HAL_PCD_IRQHandler
 .text.HAL_PCD_SetAddress
                0x08001cb2       0x4a ./Drivers/STM32F1xx_HAL_Driver/Src/stm32f1xx_hal_pcd.o
                0x08001cb2                HAL_PCD_SetAddress
 .text.HAL_PCD_EP_Open
                0x08001cfc       0xba ./Drivers/STM32F1xx_HAL_Driver/Src/stm32f1xx_hal_pcd.o
                0x08001cfc                HAL_PCD_EP_Open
 .text.HAL_PCD_EP_Close
                0x08001db6       0x90 ./Drivers/STM32F1xx_HAL_Driver/Src/stm32f1xx_hal_pcd.o
                0x08001db6                HAL_PCD_EP_Close
 .text.HAL_PCD_EP_Receive
                0x08001e46       0x62 ./Drivers/STM32F1xx_HAL_Driver/Src/stm32f1xx_hal_pcd.o
                0x08001e46                HAL_PCD_EP_Receive
 .text.HAL_PCD_EP_GetRxCount
                0x08001ea8       0x2e ./Drivers/STM32F1xx_HAL_Driver/Src/stm32f1xx_hal_pcd.o
                0x08001ea8                HAL_PCD_EP_GetRxCount
 .text.HAL_PCD_EP_Transmit
                0x08001ed6       0x6e ./Drivers/STM32F1xx_HAL_Driver/Src/stm32f1xx_hal_pcd.o
                0x08001ed6                HAL_PCD_EP_Transmit
 .text.HAL_PCD_EP_SetStall
                0x08001f44       0xc0 ./Drivers/STM32F1xx_HAL_Driver/Src/stm32f1xx_hal_pcd.o
                0x08001f44                HAL_PCD_EP_SetStall
 .text.HAL_PCD_EP_ClrStall
                0x08002004       0xa8 ./Drivers/STM32F1xx_HAL_Driver/Src/stm32f1xx_hal_pcd.o
                0x08002004                HAL_PCD_EP_ClrStall
 .text.PCD_EP_ISR_Handler
                0x080020ac      0x7a4 ./Drivers/STM32F1xx_HAL_Driver/Src/stm32f1xx_hal_pcd.o
 .text.HAL_PCD_EP_DB_Receive
                0x08002850      0x21a ./Drivers/STM32F1xx_HAL_Driver/Src/stm32f1xx_hal_pcd.o
 .text.HAL_PCD_EP_DB_Transmit
                0x08002a6a      0x7f4 ./Drivers/STM32F1xx_HAL_Driver/Src/stm32f1xx_hal_pcd.o
 .text.HAL_PCDEx_PMAConfig
                0x0800325e       0x84 ./Drivers/STM32F1xx_HAL_Driver/Src/stm32f1xx_hal_pcd_ex.o
                0x0800325e                HAL_PCDEx_PMAConfig
 *fill*         0x080032e2        0x2 
 .text.HAL_RCC_OscConfig
                0x080032e4      0x504 ./Drivers/STM32F1xx_HAL_Driver/Src/stm32f1xx_hal_rcc.o
                0x080032e4                HAL_RCC_OscConfig
 .text.HAL_RCC_ClockConfig
                0x080037e8      0x1d4 ./Drivers/STM32F1xx_HAL_Driver/Src/stm32f1xx_hal_rcc.o
                0x080037e8                HAL_RCC_ClockConfig
 .text.HAL_RCC_GetSysClockFreq
                0x080039bc       0xa8 ./Drivers/STM32F1xx_HAL_Driver/Src/stm32f1xx_hal_rcc.o
                0x080039bc                HAL_RCC_GetSysClockFreq
 .text.RCC_Delay
                0x08003a64       0x3c ./Drivers/STM32F1xx_HAL_Driver/Src/stm32f1xx_hal_rcc.o
 .text.HAL_RCCEx_PeriphCLKConfig
                0x08003aa0      0x16c ./Drivers/STM32F1xx_HAL_Driver/Src/stm32f1xx_hal_rcc_ex.o
                0x08003aa0                HAL_RCCEx_PeriphCLKConfig
 .text.HAL_TIM_Base_Init
                0x08003c0c       0x9e ./Drivers/STM32F1xx_HAL_Driver/Src/stm32f1xx_hal_tim.o
                0x08003c0c                HAL_TIM_Base_Init
 .text.HAL_TIM_PWM_Init
                0x08003caa       0x9e ./Drivers/STM32F1xx_HAL_Driver/Src/stm32f1xx_hal_tim.o
                0x08003caa                HAL_TIM_PWM_Init
 .text.HAL_TIM_PWM_MspInit
                0x08003d48       0x12 ./Drivers/STM32F1xx_HAL_Driver/Src/stm32f1xx_hal_tim.o
                0x08003d48                HAL_TIM_PWM_MspInit
 *fill*         0x08003d5a        0x2 
 .text.HAL_TIM_PWM_Start
                0x08003d5c      0x144 ./Drivers/STM32F1xx_HAL_Driver/Src/stm32f1xx_hal_tim.o
                0x08003d5c                HAL_TIM_PWM_Start
 .text.HAL_TIM_PWM_ConfigChannel
                0x08003ea0      0x184 ./Drivers/STM32F1xx_HAL_Driver/Src/stm32f1xx_hal_tim.o
                0x08003ea0                HAL_TIM_PWM_ConfigChannel
 .text.HAL_TIM_ConfigClockSource
                0x08004024      0x18e ./Drivers/STM32F1xx_HAL_Driver/Src/stm32f1xx_hal_tim.o
                0x08004024                HAL_TIM_ConfigClockSource
 *fill*         0x080041b2        0x2 
 .text.TIM_Base_SetConfig
                0x080041b4       0xc4 ./Drivers/STM32F1xx_HAL_Driver/Src/stm32f1xx_hal_tim.o
                0x080041b4                TIM_Base_SetConfig
 .text.TIM_OC1_SetConfig
                0x08004278       0xcc ./Drivers/STM32F1xx_HAL_Driver/Src/stm32f1xx_hal_tim.o
 .text.TIM_OC2_SetConfig
                0x08004344       0xd4 ./Drivers/STM32F1xx_HAL_Driver/Src/stm32f1xx_hal_tim.o
                0x08004344                TIM_OC2_SetConfig
 .text.TIM_OC3_SetConfig
                0x08004418       0xd4 ./Drivers/STM32F1xx_HAL_Driver/Src/stm32f1xx_hal_tim.o
 .text.TIM_OC4_SetConfig
                0x080044ec       0x9c ./Drivers/STM32F1xx_HAL_Driver/Src/stm32f1xx_hal_tim.o
 .text.TIM_TI1_ConfigInputStage
                0x08004588       0x5c ./Drivers/STM32F1xx_HAL_Driver/Src/stm32f1xx_hal_tim.o
 .text.TIM_TI2_ConfigInputStage
                0x080045e4       0x5e ./Drivers/STM32F1xx_HAL_Driver/Src/stm32f1xx_hal_tim.o
 .text.TIM_ITRx_SetConfig
                0x08004642       0x34 ./Drivers/STM32F1xx_HAL_Driver/Src/stm32f1xx_hal_tim.o
 .text.TIM_ETR_SetConfig
                0x08004676       0x3e ./Drivers/STM32F1xx_HAL_Driver/Src/stm32f1xx_hal_tim.o
                0x08004676                TIM_ETR_SetConfig
 .text.TIM_CCxChannelCmd
                0x080046b4       0x48 ./Drivers/STM32F1xx_HAL_Driver/Src/stm32f1xx_hal_tim.o
                0x080046b4                TIM_CCxChannelCmd
 .text.HAL_TIMEx_MasterConfigSynchronization
                0x080046fc       0xbc ./Drivers/STM32F1xx_HAL_Driver/Src/stm32f1xx_hal_tim_ex.o
                0x080046fc                HAL_TIMEx_MasterConfigSynchronization
 .text.USB_CoreInit
                0x080047b8       0x20 ./Drivers/STM32F1xx_HAL_Driver/Src/stm32f1xx_ll_usb.o
                0x080047b8                USB_CoreInit
 .text.USB_EnableGlobalInt
                0x080047d8       0x2c ./Drivers/STM32F1xx_HAL_Driver/Src/stm32f1xx_ll_usb.o
                0x080047d8                USB_EnableGlobalInt
 .text.USB_DisableGlobalInt
                0x08004804       0x34 ./Drivers/STM32F1xx_HAL_Driver/Src/stm32f1xx_ll_usb.o
                0x08004804                USB_DisableGlobalInt
 .text.USB_SetCurrentMode
                0x08004838       0x18 ./Drivers/STM32F1xx_HAL_Driver/Src/stm32f1xx_ll_usb.o
                0x08004838                USB_SetCurrentMode
 .text.USB_DevInit
                0x08004850       0x40 ./Drivers/STM32F1xx_HAL_Driver/Src/stm32f1xx_ll_usb.o
                0x08004850                USB_DevInit
 .text.USB_ActivateEndpoint
                0x08004890      0x780 ./Drivers/STM32F1xx_HAL_Driver/Src/stm32f1xx_ll_usb.o
                0x08004890                USB_ActivateEndpoint
 .text.USB_DeactivateEndpoint
                0x08005010      0x3d8 ./Drivers/STM32F1xx_HAL_Driver/Src/stm32f1xx_ll_usb.o
                0x08005010                USB_DeactivateEndpoint
 .text.USB_EPStartXfer
                0x080053e8     0x1762 ./Drivers/STM32F1xx_HAL_Driver/Src/stm32f1xx_ll_usb.o
                0x080053e8                USB_EPStartXfer
 .text.USB_EPSetStall
                0x08006b4a       0xa0 ./Drivers/STM32F1xx_HAL_Driver/Src/stm32f1xx_ll_usb.o
                0x08006b4a                USB_EPSetStall
 .text.USB_EPClearStall
                0x08006bea      0x15a ./Drivers/STM32F1xx_HAL_Driver/Src/stm32f1xx_ll_usb.o
                0x08006bea                USB_EPClearStall
 .text.USB_SetDevAddress
                0x08006d44       0x26 ./Drivers/STM32F1xx_HAL_Driver/Src/stm32f1xx_ll_usb.o
                0x08006d44                USB_SetDevAddress
 .text.USB_DevConnect
                0x08006d6a       0x14 ./Drivers/STM32F1xx_HAL_Driver/Src/stm32f1xx_ll_usb.o
                0x08006d6a                USB_DevConnect
 .text.USB_DevDisconnect
                0x08006d7e       0x14 ./Drivers/STM32F1xx_HAL_Driver/Src/stm32f1xx_ll_usb.o
                0x08006d7e                USB_DevDisconnect
 .text.USB_ReadInterrupts
                0x08006d92       0x1e ./Drivers/STM32F1xx_HAL_Driver/Src/stm32f1xx_ll_usb.o
                0x08006d92                USB_ReadInterrupts
 .text.USB_EP0_OutStart
                0x08006db0       0x16 ./Drivers/STM32F1xx_HAL_Driver/Src/stm32f1xx_ll_usb.o
                0x08006db0                USB_EP0_OutStart
 .text.USB_WritePMA
                0x08006dc6       0x8a ./Drivers/STM32F1xx_HAL_Driver/Src/stm32f1xx_ll_usb.o
                0x08006dc6                USB_WritePMA
 .text.USB_ReadPMA
                0x08006e50       0x9e ./Drivers/STM32F1xx_HAL_Driver/Src/stm32f1xx_ll_usb.o
                0x08006e50                USB_ReadPMA
 .text.USBD_CDC_Init
                0x08006eee       0xf4 ./Middlewares/ST/STM32_USB_Device_Library/Class/CDC/Src/usbd_cdc.o
 .text.USBD_CDC_DeInit
                0x08006fe2       0x6e ./Middlewares/ST/STM32_USB_Device_Library/Class/CDC/Src/usbd_cdc.o
 .text.USBD_CDC_Setup
                0x08007050      0x146 ./Middlewares/ST/STM32_USB_Device_Library/Class/CDC/Src/usbd_cdc.o
 .text.USBD_CDC_DataIn
                0x08007196       0xa6 ./Middlewares/ST/STM32_USB_Device_Library/Class/CDC/Src/usbd_cdc.o
 .text.USBD_CDC_DataOut
                0x0800723c       0x56 ./Middlewares/ST/STM32_USB_Device_Library/Class/CDC/Src/usbd_cdc.o
 .text.USBD_CDC_EP0_RxReady
                0x08007292       0x4e ./Middlewares/ST/STM32_USB_Device_Library/Class/CDC/Src/usbd_cdc.o
 .text.USBD_CDC_GetFSCfgDesc
                0x080072e0       0x20 ./Middlewares/ST/STM32_USB_Device_Library/Class/CDC/Src/usbd_cdc.o
 .text.USBD_CDC_GetHSCfgDesc
                0x08007300       0x20 ./Middlewares/ST/STM32_USB_Device_Library/Class/CDC/Src/usbd_cdc.o
 .text.USBD_CDC_GetOtherSpeedCfgDesc
                0x08007320       0x20 ./Middlewares/ST/STM32_USB_Device_Library/Class/CDC/Src/usbd_cdc.o
 .text.USBD_CDC_GetDeviceQualifierDescriptor
                0x08007340       0x20 ./Middlewares/ST/STM32_USB_Device_Library/Class/CDC/Src/usbd_cdc.o
                0x08007340                USBD_CDC_GetDeviceQualifierDescriptor
 .text.USBD_CDC_RegisterInterface
                0x08007360       0x2c ./Middlewares/ST/STM32_USB_Device_Library/Class/CDC/Src/usbd_cdc.o
                0x08007360                USBD_CDC_RegisterInterface
 .text.USBD_CDC_SetTxBuffer
                0x0800738c       0x32 ./Middlewares/ST/STM32_USB_Device_Library/Class/CDC/Src/usbd_cdc.o
                0x0800738c                USBD_CDC_SetTxBuffer
 .text.USBD_CDC_SetRxBuffer
                0x080073be       0x26 ./Middlewares/ST/STM32_USB_Device_Library/Class/CDC/Src/usbd_cdc.o
                0x080073be                USBD_CDC_SetRxBuffer
 .text.USBD_CDC_ReceivePacket
                0x080073e4       0x54 ./Middlewares/ST/STM32_USB_Device_Library/Class/CDC/Src/usbd_cdc.o
                0x080073e4                USBD_CDC_ReceivePacket
 .text.USBD_Init
                0x08007438       0x56 ./Middlewares/ST/STM32_USB_Device_Library/Core/Src/usbd_core.o
                0x08007438                USBD_Init
 .text.USBD_RegisterClass
                0x0800748e       0x32 ./Middlewares/ST/STM32_USB_Device_Library/Core/Src/usbd_core.o
                0x0800748e                USBD_RegisterClass
 .text.USBD_Start
                0x080074c0       0x18 ./Middlewares/ST/STM32_USB_Device_Library/Core/Src/usbd_core.o
                0x080074c0                USBD_Start
 .text.USBD_RunTestMode
                0x080074d8       0x14 ./Middlewares/ST/STM32_USB_Device_Library/Core/Src/usbd_core.o
                0x080074d8                USBD_RunTestMode
 .text.USBD_SetClassConfig
                0x080074ec       0x3e ./Middlewares/ST/STM32_USB_Device_Library/Core/Src/usbd_core.o
                0x080074ec                USBD_SetClassConfig
 .text.USBD_ClrClassConfig
                0x0800752a       0x26 ./Middlewares/ST/STM32_USB_Device_Library/Core/Src/usbd_core.o
                0x0800752a                USBD_ClrClassConfig
 .text.USBD_LL_SetupStage
                0x08007550       0x9a ./Middlewares/ST/STM32_USB_Device_Library/Core/Src/usbd_core.o
                0x08007550                USBD_LL_SetupStage
 .text.USBD_LL_DataOutStage
                0x080075ea       0xe2 ./Middlewares/ST/STM32_USB_Device_Library/Core/Src/usbd_core.o
                0x080075ea                USBD_LL_DataOutStage
 .text.USBD_LL_DataInStage
                0x080076cc      0x14a ./Middlewares/ST/STM32_USB_Device_Library/Core/Src/usbd_core.o
                0x080076cc                USBD_LL_DataInStage
 .text.USBD_LL_Reset
                0x08007816       0x82 ./Middlewares/ST/STM32_USB_Device_Library/Core/Src/usbd_core.o
                0x08007816                USBD_LL_Reset
 .text.USBD_LL_SetSpeed
                0x08007898       0x1e ./Middlewares/ST/STM32_USB_Device_Library/Core/Src/usbd_core.o
                0x08007898                USBD_LL_SetSpeed
 .text.USBD_LL_Suspend
                0x080078b6       0x28 ./Middlewares/ST/STM32_USB_Device_Library/Core/Src/usbd_core.o
                0x080078b6                USBD_LL_Suspend
 .text.USBD_LL_Resume
                0x080078de       0x2a ./Middlewares/ST/STM32_USB_Device_Library/Core/Src/usbd_core.o
                0x080078de                USBD_LL_Resume
 .text.USBD_LL_SOF
                0x08007908       0x34 ./Middlewares/ST/STM32_USB_Device_Library/Core/Src/usbd_core.o
                0x08007908                USBD_LL_SOF
 .text.USBD_StdDevReq
                0x0800793c       0xd4 ./Middlewares/ST/STM32_USB_Device_Library/Core/Src/usbd_ctlreq.o
                0x0800793c                USBD_StdDevReq
 .text.USBD_StdItfReq
                0x08007a10       0x90 ./Middlewares/ST/STM32_USB_Device_Library/Core/Src/usbd_ctlreq.o
                0x08007a10                USBD_StdItfReq
 .text.USBD_StdEPReq
                0x08007aa0      0x2c6 ./Middlewares/ST/STM32_USB_Device_Library/Core/Src/usbd_ctlreq.o
                0x08007aa0                USBD_StdEPReq
 *fill*         0x08007d66        0x2 
 .text.USBD_GetDescriptor
                0x08007d68      0x2d0 ./Middlewares/ST/STM32_USB_Device_Library/Core/Src/usbd_ctlreq.o
 .text.USBD_SetAddress
                0x08008038       0x86 ./Middlewares/ST/STM32_USB_Device_Library/Core/Src/usbd_ctlreq.o
 *fill*         0x080080be        0x2 
 .text.USBD_SetConfig
                0x080080c0      0x11c ./Middlewares/ST/STM32_USB_Device_Library/Core/Src/usbd_ctlreq.o
 .text.USBD_GetConfig
                0x080081dc       0x6a ./Middlewares/ST/STM32_USB_Device_Library/Core/Src/usbd_ctlreq.o
 .text.USBD_GetStatus
                0x08008246       0x66 ./Middlewares/ST/STM32_USB_Device_Library/Core/Src/usbd_ctlreq.o
 .text.USBD_SetFeature
                0x080082ac       0x28 ./Middlewares/ST/STM32_USB_Device_Library/Core/Src/usbd_ctlreq.o
 .text.USBD_ClrFeature
                0x080082d4       0x42 ./Middlewares/ST/STM32_USB_Device_Library/Core/Src/usbd_ctlreq.o
 .text.USBD_ParseSetupRequest
                0x08008316       0x72 ./Middlewares/ST/STM32_USB_Device_Library/Core/Src/usbd_ctlreq.o
                0x08008316                USBD_ParseSetupRequest
 .text.USBD_CtlError
                0x08008388       0x22 ./Middlewares/ST/STM32_USB_Device_Library/Core/Src/usbd_ctlreq.o
                0x08008388                USBD_CtlError
 .text.USBD_GetString
                0x080083aa       0x84 ./Middlewares/ST/STM32_USB_Device_Library/Core/Src/usbd_ctlreq.o
                0x080083aa                USBD_GetString
 .text.USBD_GetLen
                0x0800842e       0x2e ./Middlewares/ST/STM32_USB_Device_Library/Core/Src/usbd_ctlreq.o
 .text.USBD_CtlSendData
                0x0800845c       0x38 ./Middlewares/ST/STM32_USB_Device_Library/Core/Src/usbd_ioreq.o
                0x0800845c                USBD_CtlSendData
 .text.USBD_CtlContinueSendData
                0x08008494       0x24 ./Middlewares/ST/STM32_USB_Device_Library/Core/Src/usbd_ioreq.o
                0x08008494                USBD_CtlContinueSendData
 .text.USBD_CtlPrepareRx
                0x080084b8       0x3c ./Middlewares/ST/STM32_USB_Device_Library/Core/Src/usbd_ioreq.o
                0x080084b8                USBD_CtlPrepareRx
 .text.USBD_CtlContinueRx
                0x080084f4       0x24 ./Middlewares/ST/STM32_USB_Device_Library/Core/Src/usbd_ioreq.o
                0x080084f4                USBD_CtlContinueRx
 .text.USBD_CtlSendStatus
                0x08008518       0x26 ./Middlewares/ST/STM32_USB_Device_Library/Core/Src/usbd_ioreq.o
                0x08008518                USBD_CtlSendStatus
 .text.USBD_CtlReceiveStatus
                0x0800853e       0x26 ./Middlewares/ST/STM32_USB_Device_Library/Core/Src/usbd_ioreq.o
                0x0800853e                USBD_CtlReceiveStatus
 .text.CDC_Init_FS
                0x08008564       0x60 ./STM32_VCP/usbd_cdc_if.o
 .text.CDC_DeInit_FS
                0x080085c4        0xe ./STM32_VCP/usbd_cdc_if.o
 *fill*         0x080085d2        0x2 
 .text.CDC_Control_FS
                0x080085d4       0xbc ./STM32_VCP/usbd_cdc_if.o
 .text.CDC_Receive_FS
                0x08008690       0x60 ./STM32_VCP/usbd_cdc_if.o
 .text.MX_USB_DEVICE_Init
                0x080086f0       0x60 ./USB_DEVICE/App/usb_device.o
                0x080086f0                MX_USB_DEVICE_Init
 .text.USBD_FS_DeviceDescriptor
                0x08008750       0x24 ./USB_DEVICE/App/usbd_desc.o
                0x08008750                USBD_FS_DeviceDescriptor
 .text.USBD_FS_LangIDStrDescriptor
                0x08008774       0x24 ./USB_DEVICE/App/usbd_desc.o
                0x08008774                USBD_FS_LangIDStrDescriptor
 .text.USBD_FS_ProductStrDescriptor
                0x08008798       0x3c ./USB_DEVICE/App/usbd_desc.o
                0x08008798                USBD_FS_ProductStrDescriptor
 .text.USBD_FS_ManufacturerStrDescriptor
                0x080087d4       0x28 ./USB_DEVICE/App/usbd_desc.o
                0x080087d4                USBD_FS_ManufacturerStrDescriptor
 .text.USBD_FS_SerialStrDescriptor
                0x080087fc       0x24 ./USB_DEVICE/App/usbd_desc.o
                0x080087fc                USBD_FS_SerialStrDescriptor
 .text.USBD_FS_ConfigStrDescriptor
                0x08008820       0x3c ./USB_DEVICE/App/usbd_desc.o
                0x08008820                USBD_FS_ConfigStrDescriptor
 .text.USBD_FS_InterfaceStrDescriptor
                0x0800885c       0x3c ./USB_DEVICE/App/usbd_desc.o
                0x0800885c                USBD_FS_InterfaceStrDescriptor
 .text.Get_SerialNum
                0x08008898       0x58 ./USB_DEVICE/App/usbd_desc.o
 .text.IntToUnicode
                0x080088f0       0x7c ./USB_DEVICE/App/usbd_desc.o
 .text.HAL_PCD_MspInit
                0x0800896c       0x4c ./USB_DEVICE/Target/usbd_conf.o
                0x0800896c                HAL_PCD_MspInit
 .text.HAL_PCD_SetupStageCallback
                0x080089b8       0x24 ./USB_DEVICE/Target/usbd_conf.o
                0x080089b8                HAL_PCD_SetupStageCallback
 .text.HAL_PCD_DataOutStageCallback
                0x080089dc       0x36 ./USB_DEVICE/Target/usbd_conf.o
                0x080089dc                HAL_PCD_DataOutStageCallback
 .text.HAL_PCD_DataInStageCallback
                0x08008a12       0x34 ./USB_DEVICE/Target/usbd_conf.o
                0x08008a12                HAL_PCD_DataInStageCallback
 .text.HAL_PCD_SOFCallback
                0x08008a46       0x1c ./USB_DEVICE/Target/usbd_conf.o
                0x08008a46                HAL_PCD_SOFCallback
 .text.HAL_PCD_ResetCallback
                0x08008a62       0x3c ./USB_DEVICE/Target/usbd_conf.o
                0x08008a62                HAL_PCD_ResetCallback
 *fill*         0x08008a9e        0x2 
 .text.HAL_PCD_SuspendCallback
                0x08008aa0       0x34 ./USB_DEVICE/Target/usbd_conf.o
                0x08008aa0                HAL_PCD_SuspendCallback
 .text.HAL_PCD_ResumeCallback
                0x08008ad4       0x1c ./USB_DEVICE/Target/usbd_conf.o
                0x08008ad4                HAL_PCD_ResumeCallback
 .text.USBD_LL_Init
                0x08008af0       0xb4 ./USB_DEVICE/Target/usbd_conf.o
                0x08008af0                USBD_LL_Init
 .text.USBD_LL_Start
                0x08008ba4       0x36 ./USB_DEVICE/Target/usbd_conf.o
                0x08008ba4                USBD_LL_Start
 .text.USBD_LL_OpenEP
                0x08008bda       0x4c ./USB_DEVICE/Target/usbd_conf.o
                0x08008bda                USBD_LL_OpenEP
 .text.USBD_LL_CloseEP
                0x08008c26       0x3e ./USB_DEVICE/Target/usbd_conf.o
                0x08008c26                USBD_LL_CloseEP
 .text.USBD_LL_StallEP
                0x08008c64       0x3e ./USB_DEVICE/Target/usbd_conf.o
                0x08008c64                USBD_LL_StallEP
 .text.USBD_LL_ClearStallEP
                0x08008ca2       0x3e ./USB_DEVICE/Target/usbd_conf.o
                0x08008ca2                USBD_LL_ClearStallEP
 .text.USBD_LL_IsStallEP
                0x08008ce0       0x58 ./USB_DEVICE/Target/usbd_conf.o
                0x08008ce0                USBD_LL_IsStallEP
 .text.USBD_LL_SetUSBAddress
                0x08008d38       0x3e ./USB_DEVICE/Target/usbd_conf.o
                0x08008d38                USBD_LL_SetUSBAddress
 .text.USBD_LL_Transmit
                0x08008d76       0x46 ./USB_DEVICE/Target/usbd_conf.o
                0x08008d76                USBD_LL_Transmit
 .text.USBD_LL_PrepareReceive
                0x08008dbc       0x46 ./USB_DEVICE/Target/usbd_conf.o
                0x08008dbc                USBD_LL_PrepareReceive
 .text.USBD_LL_GetRxDataSize
                0x08008e02       0x26 ./USB_DEVICE/Target/usbd_conf.o
                0x08008e02                USBD_LL_GetRxDataSize
 .text.USBD_static_malloc
                0x08008e28       0x18 ./USB_DEVICE/Target/usbd_conf.o
                0x08008e28                USBD_static_malloc
 .text.USBD_static_free
                0x08008e40       0x12 ./USB_DEVICE/Target/usbd_conf.o
                0x08008e40                USBD_static_free
 .text.HAL_PCDEx_SetConnectionState
                0x08008e52       0x16 ./USB_DEVICE/Target/usbd_conf.o
                0x08008e52                HAL_PCDEx_SetConnectionState
 .text.USBD_Get_USB_Status
                0x08008e68       0x58 ./USB_DEVICE/Target/usbd_conf.o
 .text.memset   0x08008ec0       0x10 C:/ST/STM32CubeIDE_1.15.0/STM32CubeIDE/plugins/com.st.stm32cube.ide.mcu.externaltools.gnu-tools-for-stm32.12.3.rel1.win32_1.0.100.202403111256/tools/bin/../lib/gcc/arm-none-eabi/12.3.1/../../../../arm-none-eabi/lib/thumb/v7-m/nofp\libc_nano.a(libc_a-memset.o)
                0x08008ec0                memset
 .text.__libc_init_array
                0x08008ed0       0x48 C:/ST/STM32CubeIDE_1.15.0/STM32CubeIDE/plugins/com.st.stm32cube.ide.mcu.externaltools.gnu-tools-for-stm32.12.3.rel1.win32_1.0.100.202403111256/tools/bin/../lib/gcc/arm-none-eabi/12.3.1/../../../../arm-none-eabi/lib/thumb/v7-m/nofp\libc_nano.a(libc_a-init.o)
                0x08008ed0                __libc_init_array
 *(.glue_7)
 .glue_7        0x08008f18        0x0 linker stubs
 *(.glue_7t)
 .glue_7t       0x08008f18        0x0 linker stubs
 *(.eh_frame)
 .eh_frame      0x08008f18        0x0 C:/ST/STM32CubeIDE_1.15.0/STM32CubeIDE/plugins/com.st.stm32cube.ide.mcu.externaltools.gnu-tools-for-stm32.12.3.rel1.win32_1.0.100.202403111256/tools/bin/../lib/gcc/arm-none-eabi/12.3.1/thumb/v7-m/nofp/crtbegin.o
 *(.init)
 .init          0x08008f18        0x4 C:/ST/STM32CubeIDE_1.15.0/STM32CubeIDE/plugins/com.st.stm32cube.ide.mcu.externaltools.gnu-tools-for-stm32.12.3.rel1.win32_1.0.100.202403111256/tools/bin/../lib/gcc/arm-none-eabi/12.3.1/thumb/v7-m/nofp/crti.o
                0x08008f18                _init
 .init          0x08008f1c        0x8 C:/ST/STM32CubeIDE_1.15.0/STM32CubeIDE/plugins/com.st.stm32cube.ide.mcu.externaltools.gnu-tools-for-stm32.12.3.rel1.win32_1.0.100.202403111256/tools/bin/../lib/gcc/arm-none-eabi/12.3.1/thumb/v7-m/nofp/crtn.o
 *(.fini)
 .fini          0x08008f24        0x4 C:/ST/STM32CubeIDE_1.15.0/STM32CubeIDE/plugins/com.st.stm32cube.ide.mcu.externaltools.gnu-tools-for-stm32.12.3.rel1.win32_1.0.100.202403111256/tools/bin/../lib/gcc/arm-none-eabi/12.3.1/thumb/v7-m/nofp/crti.o
                0x08008f24                _fini
 .fini          0x08008f28        0x8 C:/ST/STM32CubeIDE_1.15.0/STM32CubeIDE/plugins/com.st.stm32cube.ide.mcu.externaltools.gnu-tools-for-stm32.12.3.rel1.win32_1.0.100.202403111256/tools/bin/../lib/gcc/arm-none-eabi/12.3.1/thumb/v7-m/nofp/crtn.o
                0x08008f30                        . = ALIGN (0x4)
                0x08008f30                        _etext = .

.vfp11_veneer   0x08008f30        0x0
 .vfp11_veneer  0x08008f30        0x0 linker stubs

.v4_bx          0x08008f30        0x0
 .v4_bx         0x08008f30        0x0 linker stubs

.iplt           0x08008f30        0x0
 .iplt          0x08008f30        0x0 C:/ST/STM32CubeIDE_1.15.0/STM32CubeIDE/plugins/com.st.stm32cube.ide.mcu.externaltools.gnu-tools-for-stm32.12.3.rel1.win32_1.0.100.202403111256/tools/bin/../lib/gcc/arm-none-eabi/12.3.1/thumb/v7-m/nofp/crtbegin.o

.rodata         0x08008f30       0x6c
                0x08008f30                        . = ALIGN (0x4)
 *(.rodata)
 .rodata        0x08008f30       0x46 ./USB_DEVICE/App/usbd_desc.o
 *(.rodata*)
 *fill*         0x08008f76        0x2 
 .rodata.AHBPrescTable
                0x08008f78       0x10 ./Core/Src/system_stm32f1xx.o
                0x08008f78                AHBPrescTable
 .rodata.aPLLMULFactorTable.1
                0x08008f88       0x10 ./Drivers/STM32F1xx_HAL_Driver/Src/stm32f1xx_hal_rcc.o
 .rodata.aPredivFactorTable.0
                0x08008f98        0x2 ./Drivers/STM32F1xx_HAL_Driver/Src/stm32f1xx_hal_rcc.o
                0x08008f9c                        . = ALIGN (0x4)
 *fill*         0x08008f9a        0x2 

.rel.dyn        0x08008f9c        0x0
 .rel.iplt      0x08008f9c        0x0 C:/ST/STM32CubeIDE_1.15.0/STM32CubeIDE/plugins/com.st.stm32cube.ide.mcu.externaltools.gnu-tools-for-stm32.12.3.rel1.win32_1.0.100.202403111256/tools/bin/../lib/gcc/arm-none-eabi/12.3.1/thumb/v7-m/nofp/crtbegin.o

.ARM.extab      0x08008f9c        0x0
                0x08008f9c                        . = ALIGN (0x4)
 *(.ARM.extab* .gnu.linkonce.armextab.*)
                0x08008f9c                        . = ALIGN (0x4)

.ARM            0x08008f9c        0x0
                0x08008f9c                        . = ALIGN (0x4)
                0x08008f9c                        __exidx_start = .
 *(.ARM.exidx*)
                0x08008f9c                        __exidx_end = .
                0x08008f9c                        . = ALIGN (0x4)

.preinit_array  0x08008f9c        0x0
                0x08008f9c                        . = ALIGN (0x4)
                0x08008f9c                        PROVIDE (__preinit_array_start = .)
 *(.preinit_array*)
                0x08008f9c                        PROVIDE (__preinit_array_end = .)
                0x08008f9c                        . = ALIGN (0x4)

.init_array     0x08008f9c        0x4
                0x08008f9c                        . = ALIGN (0x4)
                0x08008f9c                        PROVIDE (__init_array_start = .)
 *(SORT_BY_NAME(.init_array.*))
 *(.init_array*)
 .init_array    0x08008f9c        0x4 C:/ST/STM32CubeIDE_1.15.0/STM32CubeIDE/plugins/com.st.stm32cube.ide.mcu.externaltools.gnu-tools-for-stm32.12.3.rel1.win32_1.0.100.202403111256/tools/bin/../lib/gcc/arm-none-eabi/12.3.1/thumb/v7-m/nofp/crtbegin.o
                0x08008fa0                        PROVIDE (__init_array_end = .)
                0x08008fa0                        . = ALIGN (0x4)

.fini_array     0x08008fa0        0x4
                0x08008fa0                        . = ALIGN (0x4)
                [!provide]                        PROVIDE (__fini_array_start = .)
 *(SORT_BY_NAME(.fini_array.*))
 *(.fini_array*)
 .fini_array    0x08008fa0        0x4 C:/ST/STM32CubeIDE_1.15.0/STM32CubeIDE/plugins/com.st.stm32cube.ide.mcu.externaltools.gnu-tools-for-stm32.12.3.rel1.win32_1.0.100.202403111256/tools/bin/../lib/gcc/arm-none-eabi/12.3.1/thumb/v7-m/nofp/crtbegin.o
                [!provide]                        PROVIDE (__fini_array_end = .)
                0x08008fa4                        . = ALIGN (0x4)
                0x08008fa4                        _sidata = LOADADDR (.data)

.data           0x20000000      0x180 load address 0x08008fa4
                0x20000000                        . = ALIGN (0x4)
                0x20000000                        _sdata = .
 *(.data)
 *(.data*)
 .data.phase    0x20000000        0x1 ./Core/Src/main.o
                0x20000000                phase
 *fill*         0x20000001        0x3 
 .data.SystemCoreClock
                0x20000004        0x4 ./Core/Src/system_stm32f1xx.o
                0x20000004                SystemCoreClock
 .data.uwTickPrio
                0x20000008        0x4 ./Drivers/STM32F1xx_HAL_Driver/Src/stm32f1xx_hal.o
                0x20000008                uwTickPrio
 .data.uwTickFreq
                0x2000000c        0x1 ./Drivers/STM32F1xx_HAL_Driver/Src/stm32f1xx_hal.o
                0x2000000c                uwTickFreq
 *fill*         0x2000000d        0x3 
 .data.USBD_CDC_DeviceQualifierDesc
                0x20000010        0xa ./Middlewares/ST/STM32_USB_Device_Library/Class/CDC/Src/usbd_cdc.o
 *fill*         0x2000001a        0x2 
 .data.USBD_CDC
                0x2000001c       0x38 ./Middlewares/ST/STM32_USB_Device_Library/Class/CDC/Src/usbd_cdc.o
                0x2000001c                USBD_CDC
 .data.USBD_CDC_CfgHSDesc
                0x20000054       0x43 ./Middlewares/ST/STM32_USB_Device_Library/Class/CDC/Src/usbd_cdc.o
                0x20000054                USBD_CDC_CfgHSDesc
 *fill*         0x20000097        0x1 
 .data.USBD_CDC_CfgFSDesc
                0x20000098       0x43 ./Middlewares/ST/STM32_USB_Device_Library/Class/CDC/Src/usbd_cdc.o
                0x20000098                USBD_CDC_CfgFSDesc
 *fill*         0x200000db        0x1 
 .data.USBD_CDC_OtherSpeedCfgDesc
                0x200000dc       0x43 ./Middlewares/ST/STM32_USB_Device_Library/Class/CDC/Src/usbd_cdc.o
                0x200000dc                USBD_CDC_OtherSpeedCfgDesc
 *fill*         0x2000011f        0x1 
 .data.USBD_Interface_fops_FS
                0x20000120       0x10 ./STM32_VCP/usbd_cdc_if.o
                0x20000120                USBD_Interface_fops_FS
 .data.FS_Desc  0x20000130       0x1c ./USB_DEVICE/App/usbd_desc.o
                0x20000130                FS_Desc
 .data.USBD_FS_DeviceDesc
                0x2000014c       0x12 ./USB_DEVICE/App/usbd_desc.o
                0x2000014c                USBD_FS_DeviceDesc
 *fill*         0x2000015e        0x2 
 .data.USBD_LangIDDesc
                0x20000160        0x4 ./USB_DEVICE/App/usbd_desc.o
                0x20000160                USBD_LangIDDesc
 .data.USBD_StringSerial
                0x20000164       0x1a ./USB_DEVICE/App/usbd_desc.o
                0x20000164                USBD_StringSerial
 *(.RamFunc)
 *(.RamFunc*)
                0x20000180                        . = ALIGN (0x4)
 *fill*         0x2000017e        0x2 
                0x20000180                        _edata = .

.igot.plt       0x20000180        0x0 load address 0x08009124
 .igot.plt      0x20000180        0x0 C:/ST/STM32CubeIDE_1.15.0/STM32CubeIDE/plugins/com.st.stm32cube.ide.mcu.externaltools.gnu-tools-for-stm32.12.3.rel1.win32_1.0.100.202403111256/tools/bin/../lib/gcc/arm-none-eabi/12.3.1/thumb/v7-m/nofp/crtbegin.o
                0x20000180                        . = ALIGN (0x4)

.bss            0x20000180     0x12a0 load address 0x08009124
                0x20000180                        _sbss = .
                0x20000180                        __bss_start__ = _sbss
 *(.bss)
 .bss           0x20000180       0x1c C:/ST/STM32CubeIDE_1.15.0/STM32CubeIDE/plugins/com.st.stm32cube.ide.mcu.externaltools.gnu-tools-for-stm32.12.3.rel1.win32_1.0.100.202403111256/tools/bin/../lib/gcc/arm-none-eabi/12.3.1/thumb/v7-m/nofp/crtbegin.o
 *(.bss*)
 .bss.hcan      0x2000019c       0x28 ./Core/Src/main.o
                0x2000019c                hcan
 .bss.htim2     0x200001c4       0x48 ./Core/Src/main.o
                0x200001c4                htim2
 .bss.htim3     0x2000020c       0x48 ./Core/Src/main.o
                0x2000020c                htim3
 .bss.uwTick    0x20000254        0x4 ./Drivers/STM32F1xx_HAL_Driver/Src/stm32f1xx_hal.o
                0x20000254                uwTick
 .bss.cfgidx.0  0x20000258        0x1 ./Middlewares/ST/STM32_USB_Device_Library/Core/Src/usbd_ctlreq.o
 *fill*         0x20000259        0x3 
 .bss.vcp_tx_fifo
                0x2000025c       0x10 ./STM32_VCP/usbd_cdc_if.o
                0x2000025c                vcp_tx_fifo
 .bss.vcp_rx_fifo
                0x2000026c       0x10 ./STM32_VCP/usbd_cdc_if.o
                0x2000026c                vcp_rx_fifo
 .bss.UserRxBufferFS
                0x2000027c      0x3e8 ./STM32_VCP/usbd_cdc_if.o
                0x2000027c                UserRxBufferFS
 .bss.UserTxBufferFS
                0x20000664      0x3e8 ./STM32_VCP/usbd_cdc_if.o
                0x20000664                UserTxBufferFS
 .bss.hUsbDeviceFS
                0x20000a4c      0x2c4 ./USB_DEVICE/App/usb_device.o
                0x20000a4c                hUsbDeviceFS
 .bss.USBD_StrDesc
                0x20000d10      0x200 ./USB_DEVICE/App/usbd_desc.o
                0x20000d10                USBD_StrDesc
 .bss.hpcd_USB_FS
                0x20000f10      0x2f0 ./USB_DEVICE/Target/usbd_conf.o
                0x20000f10                hpcd_USB_FS
 .bss.mem.0     0x20001200      0x220 ./USB_DEVICE/Target/usbd_conf.o
 *(COMMON)
                0x20001420                        . = ALIGN (0x4)
                0x20001420                        _ebss = .
                0x20001420                        __bss_end__ = _ebss

._user_heap_stack
                0x20001420      0x600 load address 0x08009124
                0x20001420                        . = ALIGN (0x8)
                [!provide]                        PROVIDE (end = .)
                0x20001420                        PROVIDE (_end = .)
                0x20001620                        . = (. + _Min_Heap_Size)
 *fill*         0x20001420      0x200 
                0x20001a20                        . = (. + _Min_Stack_Size)
 *fill*         0x20001620      0x400 
                0x20001a20                        . = ALIGN (0x8)

/DISCARD/
 libc.a(*)
 libm.a(*)
 libgcc.a(*)

.ARM.attributes
                0x00000000       0x29
 *(.ARM.attributes)
 .ARM.attributes
                0x00000000       0x1d C:/ST/STM32CubeIDE_1.15.0/STM32CubeIDE/plugins/com.st.stm32cube.ide.mcu.externaltools.gnu-tools-for-stm32.12.3.rel1.win32_1.0.100.202403111256/tools/bin/../lib/gcc/arm-none-eabi/12.3.1/thumb/v7-m/nofp/crti.o
 .ARM.attributes
                0x0000001d       0x2d C:/ST/STM32CubeIDE_1.15.0/STM32CubeIDE/plugins/com.st.stm32cube.ide.mcu.externaltools.gnu-tools-for-stm32.12.3.rel1.win32_1.0.100.202403111256/tools/bin/../lib/gcc/arm-none-eabi/12.3.1/thumb/v7-m/nofp/crtbegin.o
 .ARM.attributes
                0x0000004a       0x2d ./Core/Src/main.o
 .ARM.attributes
                0x00000077       0x2d ./Core/Src/stm32f1xx_hal_msp.o
 .ARM.attributes
                0x000000a4       0x2d ./Core/Src/stm32f1xx_it.o
 .ARM.attributes
                0x000000d1       0x2d ./Core/Src/system_stm32f1xx.o
 .ARM.attributes
                0x000000fe       0x21 ./Core/Startup/startup_stm32f103c8tx.o
 .ARM.attributes
                0x0000011f       0x2d ./Drivers/STM32F1xx_HAL_Driver/Src/stm32f1xx_hal.o
 .ARM.attributes
                0x0000014c       0x2d ./Drivers/STM32F1xx_HAL_Driver/Src/stm32f1xx_hal_can.o
 .ARM.attributes
                0x00000179       0x2d ./Drivers/STM32F1xx_HAL_Driver/Src/stm32f1xx_hal_cortex.o
 .ARM.attributes
                0x000001a6       0x2d ./Drivers/STM32F1xx_HAL_Driver/Src/stm32f1xx_hal_gpio.o
 .ARM.attributes
                0x000001d3       0x2d ./Drivers/STM32F1xx_HAL_Driver/Src/stm32f1xx_hal_pcd.o
 .ARM.attributes
                0x00000200       0x2d ./Drivers/STM32F1xx_HAL_Driver/Src/stm32f1xx_hal_pcd_ex.o
 .ARM.attributes
                0x0000022d       0x2d ./Drivers/STM32F1xx_HAL_Driver/Src/stm32f1xx_hal_rcc.o
 .ARM.attributes
                0x0000025a       0x2d ./Drivers/STM32F1xx_HAL_Driver/Src/stm32f1xx_hal_rcc_ex.o
 .ARM.attributes
                0x00000287       0x2d ./Drivers/STM32F1xx_HAL_Driver/Src/stm32f1xx_hal_tim.o
 .ARM.attributes
                0x000002b4       0x2d ./Drivers/STM32F1xx_HAL_Driver/Src/stm32f1xx_hal_tim_ex.o
 .ARM.attributes
                0x000002e1       0x2d ./Drivers/STM32F1xx_HAL_Driver/Src/stm32f1xx_ll_usb.o
 .ARM.attributes
                0x0000030e       0x2d ./Middlewares/ST/STM32_USB_Device_Library/Class/CDC/Src/usbd_cdc.o
 .ARM.attributes
                0x0000033b       0x2d ./Middlewares/ST/STM32_USB_Device_Library/Core/Src/usbd_core.o
 .ARM.attributes
                0x00000368       0x2d ./Middlewares/ST/STM32_USB_Device_Library/Core/Src/usbd_ctlreq.o
 .ARM.attributes
                0x00000395       0x2d ./Middlewares/ST/STM32_USB_Device_Library/Core/Src/usbd_ioreq.o
 .ARM.attributes
                0x000003c2       0x2d ./STM32_VCP/usbd_cdc_if.o
 .ARM.attributes
                0x000003ef       0x2d ./USB_DEVICE/App/usb_device.o
 .ARM.attributes
                0x0000041c       0x2d ./USB_DEVICE/App/usbd_desc.o
 .ARM.attributes
                0x00000449       0x2d ./USB_DEVICE/Target/usbd_conf.o
 .ARM.attributes
                0x00000476       0x2d C:/ST/STM32CubeIDE_1.15.0/STM32CubeIDE/plugins/com.st.stm32cube.ide.mcu.externaltools.gnu-tools-for-stm32.12.3.rel1.win32_1.0.100.202403111256/tools/bin/../lib/gcc/arm-none-eabi/12.3.1/../../../../arm-none-eabi/lib/thumb/v7-m/nofp\libc_nano.a(libc_a-memset.o)
 .ARM.attributes
                0x000004a3       0x2d C:/ST/STM32CubeIDE_1.15.0/STM32CubeIDE/plugins/com.st.stm32cube.ide.mcu.externaltools.gnu-tools-for-stm32.12.3.rel1.win32_1.0.100.202403111256/tools/bin/../lib/gcc/arm-none-eabi/12.3.1/../../../../arm-none-eabi/lib/thumb/v7-m/nofp\libc_nano.a(libc_a-init.o)
 .ARM.attributes
                0x000004d0       0x1d C:/ST/STM32CubeIDE_1.15.0/STM32CubeIDE/plugins/com.st.stm32cube.ide.mcu.externaltools.gnu-tools-for-stm32.12.3.rel1.win32_1.0.100.202403111256/tools/bin/../lib/gcc/arm-none-eabi/12.3.1/thumb/v7-m/nofp/crtn.o
OUTPUT(StepperController.elf elf32-littlearm)
LOAD linker stubs
LOAD C:/ST/STM32CubeIDE_1.15.0/STM32CubeIDE/plugins/com.st.stm32cube.ide.mcu.externaltools.gnu-tools-for-stm32.12.3.rel1.win32_1.0.100.202403111256/tools/bin/../lib/gcc/arm-none-eabi/12.3.1/../../../../arm-none-eabi/lib/thumb/v7-m/nofp\libc.a
LOAD C:/ST/STM32CubeIDE_1.15.0/STM32CubeIDE/plugins/com.st.stm32cube.ide.mcu.externaltools.gnu-tools-for-stm32.12.3.rel1.win32_1.0.100.202403111256/tools/bin/../lib/gcc/arm-none-eabi/12.3.1/../../../../arm-none-eabi/lib/thumb/v7-m/nofp\libm.a
LOAD C:/ST/STM32CubeIDE_1.15.0/STM32CubeIDE/plugins/com.st.stm32cube.ide.mcu.externaltools.gnu-tools-for-stm32.12.3.rel1.win32_1.0.100.202403111256/tools/bin/../lib/gcc/arm-none-eabi/12.3.1/thumb/v7-m/nofp\libgcc.a

.debug_info     0x00000000    0x1295c
 .debug_info    0x00000000     0x127a ./Core/Src/main.o
 .debug_info    0x0000127a      0xf30 ./Core/Src/stm32f1xx_hal_msp.o
 .debug_info    0x000021aa      0x9c8 ./Core/Src/stm32f1xx_it.o
 .debug_info    0x00002b72      0x222 ./Core/Src/system_stm32f1xx.o
 .debug_info    0x00002d94       0x30 ./Core/Startup/startup_stm32f103c8tx.o
 .debug_info    0x00002dc4      0x704 ./Drivers/STM32F1xx_HAL_Driver/Src/stm32f1xx_hal.o
 .debug_info    0x000034c8      0xf27 ./Drivers/STM32F1xx_HAL_Driver/Src/stm32f1xx_hal_can.o
 .debug_info    0x000043ef      0xa87 ./Drivers/STM32F1xx_HAL_Driver/Src/stm32f1xx_hal_cortex.o
 .debug_info    0x00004e76      0x5ab ./Drivers/STM32F1xx_HAL_Driver/Src/stm32f1xx_hal_gpio.o
 .debug_info    0x00005421     0x16cf ./Drivers/STM32F1xx_HAL_Driver/Src/stm32f1xx_hal_pcd.o
 .debug_info    0x00006af0      0x6b6 ./Drivers/STM32F1xx_HAL_Driver/Src/stm32f1xx_hal_pcd_ex.o
 .debug_info    0x000071a6      0x7d5 ./Drivers/STM32F1xx_HAL_Driver/Src/stm32f1xx_hal_rcc.o
 .debug_info    0x0000797b      0x3c0 ./Drivers/STM32F1xx_HAL_Driver/Src/stm32f1xx_hal_rcc_ex.o
 .debug_info    0x00007d3b     0x293b ./Drivers/STM32F1xx_HAL_Driver/Src/stm32f1xx_hal_tim.o
 .debug_info    0x0000a676     0x149b ./Drivers/STM32F1xx_HAL_Driver/Src/stm32f1xx_hal_tim_ex.o
 .debug_info    0x0000bb11     0x17a2 ./Drivers/STM32F1xx_HAL_Driver/Src/stm32f1xx_ll_usb.o
 .debug_info    0x0000d2b3     0x1036 ./Middlewares/ST/STM32_USB_Device_Library/Class/CDC/Src/usbd_cdc.o
 .debug_info    0x0000e2e9      0xa52 ./Middlewares/ST/STM32_USB_Device_Library/Core/Src/usbd_core.o
 .debug_info    0x0000ed3b      0x91c ./Middlewares/ST/STM32_USB_Device_Library/Core/Src/usbd_ctlreq.o
 .debug_info    0x0000f657      0x6a0 ./Middlewares/ST/STM32_USB_Device_Library/Core/Src/usbd_ioreq.o
 .debug_info    0x0000fcf7      0x994 ./STM32_VCP/usbd_cdc_if.o
 .debug_info    0x0001068b      0x63d ./USB_DEVICE/App/usb_device.o
 .debug_info    0x00010cc8      0x44a ./USB_DEVICE/App/usbd_desc.o
 .debug_info    0x00011112     0x184a ./USB_DEVICE/Target/usbd_conf.o

.debug_abbrev   0x00000000     0x343e
 .debug_abbrev  0x00000000      0x3b3 ./Core/Src/main.o
 .debug_abbrev  0x000003b3      0x261 ./Core/Src/stm32f1xx_hal_msp.o
 .debug_abbrev  0x00000614      0x1ca ./Core/Src/stm32f1xx_it.o
 .debug_abbrev  0x000007de      0x13f ./Core/Src/system_stm32f1xx.o
 .debug_abbrev  0x0000091d       0x24 ./Core/Startup/startup_stm32f103c8tx.o
 .debug_abbrev  0x00000941      0x201 ./Drivers/STM32F1xx_HAL_Driver/Src/stm32f1xx_hal.o
 .debug_abbrev  0x00000b42      0x22d ./Drivers/STM32F1xx_HAL_Driver/Src/stm32f1xx_hal_can.o
 .debug_abbrev  0x00000d6f      0x2f8 ./Drivers/STM32F1xx_HAL_Driver/Src/stm32f1xx_hal_cortex.o
 .debug_abbrev  0x00001067      0x1ca ./Drivers/STM32F1xx_HAL_Driver/Src/stm32f1xx_hal_gpio.o
 .debug_abbrev  0x00001231      0x2d6 ./Drivers/STM32F1xx_HAL_Driver/Src/stm32f1xx_hal_pcd.o
 .debug_abbrev  0x00001507      0x189 ./Drivers/STM32F1xx_HAL_Driver/Src/stm32f1xx_hal_pcd_ex.o
 .debug_abbrev  0x00001690      0x2b3 ./Drivers/STM32F1xx_HAL_Driver/Src/stm32f1xx_hal_rcc.o
 .debug_abbrev  0x00001943      0x188 ./Drivers/STM32F1xx_HAL_Driver/Src/stm32f1xx_hal_rcc_ex.o
 .debug_abbrev  0x00001acb      0x277 ./Drivers/STM32F1xx_HAL_Driver/Src/stm32f1xx_hal_tim.o
 .debug_abbrev  0x00001d42      0x282 ./Drivers/STM32F1xx_HAL_Driver/Src/stm32f1xx_hal_tim_ex.o
 .debug_abbrev  0x00001fc4      0x1de ./Drivers/STM32F1xx_HAL_Driver/Src/stm32f1xx_ll_usb.o
 .debug_abbrev  0x000021a2      0x2d3 ./Middlewares/ST/STM32_USB_Device_Library/Class/CDC/Src/usbd_cdc.o
 .debug_abbrev  0x00002475      0x24a ./Middlewares/ST/STM32_USB_Device_Library/Core/Src/usbd_core.o
 .debug_abbrev  0x000026bf      0x26b ./Middlewares/ST/STM32_USB_Device_Library/Core/Src/usbd_ctlreq.o
 .debug_abbrev  0x0000292a      0x192 ./Middlewares/ST/STM32_USB_Device_Library/Core/Src/usbd_ioreq.o
 .debug_abbrev  0x00002abc      0x2c5 ./STM32_VCP/usbd_cdc_if.o
 .debug_abbrev  0x00002d81      0x18d ./USB_DEVICE/App/usb_device.o
 .debug_abbrev  0x00002f0e      0x1ff ./USB_DEVICE/App/usbd_desc.o
 .debug_abbrev  0x0000310d      0x331 ./USB_DEVICE/Target/usbd_conf.o

.debug_aranges  0x00000000     0x1188
 .debug_aranges
                0x00000000       0x98 ./Core/Src/main.o
 .debug_aranges
                0x00000098       0x48 ./Core/Src/stm32f1xx_hal_msp.o
 .debug_aranges
                0x000000e0       0x68 ./Core/Src/stm32f1xx_it.o
 .debug_aranges
                0x00000148       0x28 ./Core/Src/system_stm32f1xx.o
 .debug_aranges
                0x00000170       0x28 ./Core/Startup/startup_stm32f103c8tx.o
 .debug_aranges
                0x00000198       0xe0 ./Drivers/STM32F1xx_HAL_Driver/Src/stm32f1xx_hal.o
 .debug_aranges
                0x00000278      0x138 ./Drivers/STM32F1xx_HAL_Driver/Src/stm32f1xx_hal_can.o
 .debug_aranges
                0x000003b0      0x100 ./Drivers/STM32F1xx_HAL_Driver/Src/stm32f1xx_hal_cortex.o
 .debug_aranges
                0x000004b0       0x58 ./Drivers/STM32F1xx_HAL_Driver/Src/stm32f1xx_hal_gpio.o
 .debug_aranges
                0x00000508      0x140 ./Drivers/STM32F1xx_HAL_Driver/Src/stm32f1xx_hal_pcd.o
 .debug_aranges
                0x00000648       0x38 ./Drivers/STM32F1xx_HAL_Driver/Src/stm32f1xx_hal_pcd_ex.o
 .debug_aranges
                0x00000680       0x90 ./Drivers/STM32F1xx_HAL_Driver/Src/stm32f1xx_hal_rcc.o
 .debug_aranges
                0x00000710       0x30 ./Drivers/STM32F1xx_HAL_Driver/Src/stm32f1xx_hal_rcc_ex.o
 .debug_aranges
                0x00000740      0x3d0 ./Drivers/STM32F1xx_HAL_Driver/Src/stm32f1xx_hal_tim.o
 .debug_aranges
                0x00000b10      0x168 ./Drivers/STM32F1xx_HAL_Driver/Src/stm32f1xx_hal_tim_ex.o
 .debug_aranges
                0x00000c78       0xf8 ./Drivers/STM32F1xx_HAL_Driver/Src/stm32f1xx_ll_usb.o
 .debug_aranges
                0x00000d70       0x90 ./Middlewares/ST/STM32_USB_Device_Library/Class/CDC/Src/usbd_cdc.o
 .debug_aranges
                0x00000e00       0xb8 ./Middlewares/ST/STM32_USB_Device_Library/Core/Src/usbd_core.o
 .debug_aranges
                0x00000eb8       0x88 ./Middlewares/ST/STM32_USB_Device_Library/Core/Src/usbd_ctlreq.o
 .debug_aranges
                0x00000f40       0x50 ./Middlewares/ST/STM32_USB_Device_Library/Core/Src/usbd_ioreq.o
 .debug_aranges
                0x00000f90       0x60 ./STM32_VCP/usbd_cdc_if.o
 .debug_aranges
                0x00000ff0       0x20 ./USB_DEVICE/App/usb_device.o
 .debug_aranges
                0x00001010       0x60 ./USB_DEVICE/App/usbd_desc.o
 .debug_aranges
                0x00001070      0x118 ./USB_DEVICE/Target/usbd_conf.o

.debug_rnglists
                0x00000000      0xd58
 .debug_rnglists
                0x00000000       0x72 ./Core/Src/main.o
 .debug_rnglists
                0x00000072       0x33 ./Core/Src/stm32f1xx_hal_msp.o
 .debug_rnglists
                0x000000a5       0x49 ./Core/Src/stm32f1xx_it.o
 .debug_rnglists
                0x000000ee       0x1a ./Core/Src/system_stm32f1xx.o
 .debug_rnglists
                0x00000108       0x19 ./Core/Startup/startup_stm32f103c8tx.o
 .debug_rnglists
                0x00000121       0xa3 ./Drivers/STM32F1xx_HAL_Driver/Src/stm32f1xx_hal.o
 .debug_rnglists
                0x000001c4       0xee ./Drivers/STM32F1xx_HAL_Driver/Src/stm32f1xx_hal_can.o
 .debug_rnglists
                0x000002b2       0xbb ./Drivers/STM32F1xx_HAL_Driver/Src/stm32f1xx_hal_cortex.o
 .debug_rnglists
                0x0000036d       0x3f ./Drivers/STM32F1xx_HAL_Driver/Src/stm32f1xx_hal_gpio.o
 .debug_rnglists
                0x000003ac       0xf4 ./Drivers/STM32F1xx_HAL_Driver/Src/stm32f1xx_hal_pcd.o
 .debug_rnglists
                0x000004a0       0x26 ./Drivers/STM32F1xx_HAL_Driver/Src/stm32f1xx_hal_pcd_ex.o
 .debug_rnglists
                0x000004c6       0x6c ./Drivers/STM32F1xx_HAL_Driver/Src/stm32f1xx_hal_rcc.o
 .debug_rnglists
                0x00000532       0x21 ./Drivers/STM32F1xx_HAL_Driver/Src/stm32f1xx_hal_rcc_ex.o
 .debug_rnglists
                0x00000553      0x31a ./Drivers/STM32F1xx_HAL_Driver/Src/stm32f1xx_hal_tim.o
 .debug_rnglists
                0x0000086d      0x125 ./Drivers/STM32F1xx_HAL_Driver/Src/stm32f1xx_hal_tim_ex.o
 .debug_rnglists
                0x00000992       0xbd ./Drivers/STM32F1xx_HAL_Driver/Src/stm32f1xx_ll_usb.o
 .debug_rnglists
                0x00000a4f       0x6a ./Middlewares/ST/STM32_USB_Device_Library/Class/CDC/Src/usbd_cdc.o
 .debug_rnglists
                0x00000ab9       0x89 ./Middlewares/ST/STM32_USB_Device_Library/Core/Src/usbd_core.o
 .debug_rnglists
                0x00000b42       0x68 ./Middlewares/ST/STM32_USB_Device_Library/Core/Src/usbd_ctlreq.o
 .debug_rnglists
                0x00000baa       0x37 ./Middlewares/ST/STM32_USB_Device_Library/Core/Src/usbd_ioreq.o
 .debug_rnglists
                0x00000be1       0x53 ./STM32_VCP/usbd_cdc_if.o
 .debug_rnglists
                0x00000c34       0x13 ./USB_DEVICE/App/usb_device.o
 .debug_rnglists
                0x00000c47       0x43 ./USB_DEVICE/App/usbd_desc.o
 .debug_rnglists
                0x00000c8a       0xce ./USB_DEVICE/Target/usbd_conf.o

.debug_macro    0x00000000    0x1a635
 .debug_macro   0x00000000      0x384 ./Core/Src/main.o
 .debug_macro   0x00000384      0xaa8 ./Core/Src/main.o
 .debug_macro   0x00000e2c      0x221 ./Core/Src/main.o
 .debug_macro   0x0000104d       0x2e ./Core/Src/main.o
 .debug_macro   0x0000107b       0x22 ./Core/Src/main.o
 .debug_macro   0x0000109d       0x22 ./Core/Src/main.o
 .debug_macro   0x000010bf       0x8e ./Core/Src/main.o
 .debug_macro   0x0000114d       0x51 ./Core/Src/main.o
 .debug_macro   0x0000119e      0x103 ./Core/Src/main.o
 .debug_macro   0x000012a1       0x6a ./Core/Src/main.o
 .debug_macro   0x0000130b      0x1df ./Core/Src/main.o
 .debug_macro   0x000014ea       0x1c ./Core/Src/main.o
 .debug_macro   0x00001506       0x22 ./Core/Src/main.o
 .debug_macro   0x00001528       0xbd ./Core/Src/main.o
 .debug_macro   0x000015e5      0xd23 ./Core/Src/main.o
 .debug_macro   0x00002308     0xe09e ./Core/Src/main.o
 .debug_macro   0x000103a6       0x6d ./Core/Src/main.o
 .debug_macro   0x00010413     0x348d ./Core/Src/main.o
 .debug_macro   0x000138a0      0x189 ./Core/Src/main.o
 .debug_macro   0x00013a29       0x5c ./Core/Src/main.o
 .debug_macro   0x00013a85      0x5bc ./Core/Src/main.o
 .debug_macro   0x00014041      0x289 ./Core/Src/main.o
 .debug_macro   0x000142ca      0x1cb ./Core/Src/main.o
 .debug_macro   0x00014495      0x114 ./Core/Src/main.o
 .debug_macro   0x000145a9      0x1b2 ./Core/Src/main.o
 .debug_macro   0x0001475b       0x27 ./Core/Src/main.o
 .debug_macro   0x00014782      0x136 ./Core/Src/main.o
 .debug_macro   0x000148b8      0x1bc ./Core/Src/main.o
 .debug_macro   0x00014a74       0x34 ./Core/Src/main.o
 .debug_macro   0x00014aa8       0x3c ./Core/Src/main.o
 .debug_macro   0x00014ae4      0x408 ./Core/Src/main.o
 .debug_macro   0x00014eec       0x57 ./Core/Src/main.o
 .debug_macro   0x00014f43       0x87 ./Core/Src/main.o
 .debug_macro   0x00014fca      0x240 ./Core/Src/main.o
 .debug_macro   0x0001520a      0x140 ./Core/Src/main.o
 .debug_macro   0x0001534a      0x8ed ./Core/Src/main.o
 .debug_macro   0x00015c37       0xab ./Core/Src/main.o
 .debug_macro   0x00015ce2      0x242 ./Core/Src/main.o
 .debug_macro   0x00015f24       0x83 ./Core/Src/main.o
 .debug_macro   0x00015fa7       0x64 ./Core/Src/main.o
 .debug_macro   0x0001600b       0x61 ./Core/Src/main.o
 .debug_macro   0x0001606c       0x24 ./Core/Src/main.o
 .debug_macro   0x00016090       0x43 ./Core/Src/main.o
 .debug_macro   0x000160d3       0x34 ./Core/Src/main.o
 .debug_macro   0x00016107       0x16 ./Core/Src/main.o
 .debug_macro   0x0001611d       0x35 ./Core/Src/main.o
 .debug_macro   0x00016152      0x369 ./Core/Src/main.o
 .debug_macro   0x000164bb       0x10 ./Core/Src/main.o
 .debug_macro   0x000164cb       0x16 ./Core/Src/main.o
 .debug_macro   0x000164e1       0x43 ./Core/Src/main.o
 .debug_macro   0x00016524       0x34 ./Core/Src/main.o
 .debug_macro   0x00016558       0x10 ./Core/Src/main.o
 .debug_macro   0x00016568       0x58 ./Core/Src/main.o
 .debug_macro   0x000165c0       0x8e ./Core/Src/main.o
 .debug_macro   0x0001664e       0x1c ./Core/Src/main.o
 .debug_macro   0x0001666a      0x177 ./Core/Src/main.o
 .debug_macro   0x000167e1       0x16 ./Core/Src/main.o
 .debug_macro   0x000167f7       0x16 ./Core/Src/main.o
 .debug_macro   0x0001680d      0x146 ./Core/Src/main.o
 .debug_macro   0x00016953       0x16 ./Core/Src/main.o
 .debug_macro   0x00016969       0x16 ./Core/Src/main.o
 .debug_macro   0x0001697f       0x29 ./Core/Src/main.o
 .debug_macro   0x000169a8       0x16 ./Core/Src/main.o
 .debug_macro   0x000169be       0x20 ./Core/Src/main.o
 .debug_macro   0x000169de       0x5f ./Core/Src/main.o
 .debug_macro   0x00016a3d      0x1c8 ./Core/Src/main.o
 .debug_macro   0x00016c05       0x8f ./Core/Src/main.o
 .debug_macro   0x00016c94       0x10 ./Core/Src/main.o
 .debug_macro   0x00016ca4      0x1d6 ./Core/Src/stm32f1xx_hal_msp.o
 .debug_macro   0x00016e7a      0x1e0 ./Core/Src/stm32f1xx_it.o
 .debug_macro   0x0001705a      0x1c7 ./Core/Src/system_stm32f1xx.o
 .debug_macro   0x00017221      0x1eb ./Drivers/STM32F1xx_HAL_Driver/Src/stm32f1xx_hal.o
 .debug_macro   0x0001740c      0x1cf ./Drivers/STM32F1xx_HAL_Driver/Src/stm32f1xx_hal_can.o
 .debug_macro   0x000175db      0x1c7 ./Drivers/STM32F1xx_HAL_Driver/Src/stm32f1xx_hal_cortex.o
 .debug_macro   0x000177a2      0x232 ./Drivers/STM32F1xx_HAL_Driver/Src/stm32f1xx_hal_gpio.o
 .debug_macro   0x000179d4      0x1d3 ./Drivers/STM32F1xx_HAL_Driver/Src/stm32f1xx_hal_pcd.o
 .debug_macro   0x00017ba7      0x1c7 ./Drivers/STM32F1xx_HAL_Driver/Src/stm32f1xx_hal_pcd_ex.o
 .debug_macro   0x00017d6e      0x1d9 ./Drivers/STM32F1xx_HAL_Driver/Src/stm32f1xx_hal_rcc.o
 .debug_macro   0x00017f47      0x1c7 ./Drivers/STM32F1xx_HAL_Driver/Src/stm32f1xx_hal_rcc_ex.o
 .debug_macro   0x0001810e      0x1c8 ./Drivers/STM32F1xx_HAL_Driver/Src/stm32f1xx_hal_tim.o
 .debug_macro   0x000182d6      0x1c7 ./Drivers/STM32F1xx_HAL_Driver/Src/stm32f1xx_hal_tim_ex.o
 .debug_macro   0x0001849d      0x1c7 ./Drivers/STM32F1xx_HAL_Driver/Src/stm32f1xx_ll_usb.o
 .debug_macro   0x00018664      0x365 ./Middlewares/ST/STM32_USB_Device_Library/Class/CDC/Src/usbd_cdc.o
 .debug_macro   0x000189c9       0x9e ./Middlewares/ST/STM32_USB_Device_Library/Class/CDC/Src/usbd_cdc.o
 .debug_macro   0x00018a67      0x10b ./Middlewares/ST/STM32_USB_Device_Library/Class/CDC/Src/usbd_cdc.o
 .debug_macro   0x00018b72       0x56 ./Middlewares/ST/STM32_USB_Device_Library/Class/CDC/Src/usbd_cdc.o
 .debug_macro   0x00018bc8      0x34c ./Middlewares/ST/STM32_USB_Device_Library/Core/Src/usbd_core.o
 .debug_macro   0x00018f14      0x1ce ./Middlewares/ST/STM32_USB_Device_Library/Core/Src/usbd_core.o
 .debug_macro   0x000190e2      0x356 ./Middlewares/ST/STM32_USB_Device_Library/Core/Src/usbd_ctlreq.o
 .debug_macro   0x00019438      0x352 ./Middlewares/ST/STM32_USB_Device_Library/Core/Src/usbd_ioreq.o
 .debug_macro   0x0001978a      0x376 ./STM32_VCP/usbd_cdc_if.o
 .debug_macro   0x00019b00      0x385 ./USB_DEVICE/App/usb_device.o
 .debug_macro   0x00019e85       0x6a ./USB_DEVICE/App/usb_device.o
 .debug_macro   0x00019eef       0x22 ./USB_DEVICE/App/usb_device.o
 .debug_macro   0x00019f11       0x16 ./USB_DEVICE/App/usb_device.o
 .debug_macro   0x00019f27      0x389 ./USB_DEVICE/App/usbd_desc.o
 .debug_macro   0x0001a2b0       0x1c ./USB_DEVICE/App/usbd_desc.o
 .debug_macro   0x0001a2cc      0x369 ./USB_DEVICE/Target/usbd_conf.o

.debug_line     0x00000000    0x1514f
 .debug_line    0x00000000      0xee9 ./Core/Src/main.o
 .debug_line    0x00000ee9      0x851 ./Core/Src/stm32f1xx_hal_msp.o
 .debug_line    0x0000173a      0x826 ./Core/Src/stm32f1xx_it.o
 .debug_line    0x00001f60      0x7c9 ./Core/Src/system_stm32f1xx.o
 .debug_line    0x00002729       0x78 ./Core/Startup/startup_stm32f103c8tx.o
 .debug_line    0x000027a1      0x9f6 ./Drivers/STM32F1xx_HAL_Driver/Src/stm32f1xx_hal.o
 .debug_line    0x00003197     0x11db ./Drivers/STM32F1xx_HAL_Driver/Src/stm32f1xx_hal_can.o
 .debug_line    0x00004372      0xbe2 ./Drivers/STM32F1xx_HAL_Driver/Src/stm32f1xx_hal_cortex.o
 .debug_line    0x00004f54      0xa8f ./Drivers/STM32F1xx_HAL_Driver/Src/stm32f1xx_hal_gpio.o
 .debug_line    0x000059e3     0x1451 ./Drivers/STM32F1xx_HAL_Driver/Src/stm32f1xx_hal_pcd.o
 .debug_line    0x00006e34      0x7c4 ./Drivers/STM32F1xx_HAL_Driver/Src/stm32f1xx_hal_pcd_ex.o
 .debug_line    0x000075f8      0xdff ./Drivers/STM32F1xx_HAL_Driver/Src/stm32f1xx_hal_rcc.o
 .debug_line    0x000083f7      0x940 ./Drivers/STM32F1xx_HAL_Driver/Src/stm32f1xx_hal_rcc_ex.o
 .debug_line    0x00008d37     0x3500 ./Drivers/STM32F1xx_HAL_Driver/Src/stm32f1xx_hal_tim.o
 .debug_line    0x0000c237     0x1955 ./Drivers/STM32F1xx_HAL_Driver/Src/stm32f1xx_hal_tim_ex.o
 .debug_line    0x0000db8c     0x10c7 ./Drivers/STM32F1xx_HAL_Driver/Src/stm32f1xx_ll_usb.o
 .debug_line    0x0000ec53      0xd4e ./Middlewares/ST/STM32_USB_Device_Library/Class/CDC/Src/usbd_cdc.o
 .debug_line    0x0000f9a1      0xdca ./Middlewares/ST/STM32_USB_Device_Library/Core/Src/usbd_core.o
 .debug_line    0x0001076b     0x100a ./Middlewares/ST/STM32_USB_Device_Library/Core/Src/usbd_ctlreq.o
 .debug_line    0x00011775      0xa60 ./Middlewares/ST/STM32_USB_Device_Library/Core/Src/usbd_ioreq.o
 .debug_line    0x000121d5      0xbf1 ./STM32_VCP/usbd_cdc_if.o
 .debug_line    0x00012dc6      0xa97 ./USB_DEVICE/App/usb_device.o
 .debug_line    0x0001385d      0xae9 ./USB_DEVICE/App/usbd_desc.o
 .debug_line    0x00014346      0xe09 ./USB_DEVICE/Target/usbd_conf.o

.debug_str      0x00000000    0x8f652
 .debug_str     0x00000000    0x8b3a5 ./Core/Src/main.o
                              0x8b834 (size before relaxing)
 .debug_str     0x0008b3a5      0x39e ./Core/Src/stm32f1xx_hal_msp.o
                              0x871f3 (size before relaxing)
 .debug_str     0x0008b743      0x3ae ./Core/Src/stm32f1xx_it.o
                              0x86d16 (size before relaxing)
 .debug_str     0x0008baf1       0x7e ./Core/Src/system_stm32f1xx.o
                              0x8659d (size before relaxing)
 .debug_str     0x0008bb6f       0x44 ./Core/Startup/startup_stm32f103c8tx.o
                                 0xb7 (size before relaxing)
 .debug_str     0x0008bbb3      0x384 ./Drivers/STM32F1xx_HAL_Driver/Src/stm32f1xx_hal.o
                              0x86cd0 (size before relaxing)
 .debug_str     0x0008bf37      0x555 ./Drivers/STM32F1xx_HAL_Driver/Src/stm32f1xx_hal_can.o
                              0x86d9d (size before relaxing)
 .debug_str     0x0008c48c      0x280 ./Drivers/STM32F1xx_HAL_Driver/Src/stm32f1xx_hal_cortex.o
                              0x86c1c (size before relaxing)
 .debug_str     0x0008c70c      0x322 ./Drivers/STM32F1xx_HAL_Driver/Src/stm32f1xx_hal_gpio.o
                              0x86923 (size before relaxing)
 .debug_str     0x0008ca2e      0x5bd ./Drivers/STM32F1xx_HAL_Driver/Src/stm32f1xx_hal_pcd.o
                              0x86eaf (size before relaxing)
 .debug_str     0x0008cfeb      0x170 ./Drivers/STM32F1xx_HAL_Driver/Src/stm32f1xx_hal_pcd_ex.o
                              0x86a11 (size before relaxing)
 .debug_str     0x0008d15b      0x229 ./Drivers/STM32F1xx_HAL_Driver/Src/stm32f1xx_hal_rcc.o
                              0x869cc (size before relaxing)
 .debug_str     0x0008d384       0x9f ./Drivers/STM32F1xx_HAL_Driver/Src/stm32f1xx_hal_rcc_ex.o
                              0x8671c (size before relaxing)
 .debug_str     0x0008d423      0xd71 ./Drivers/STM32F1xx_HAL_Driver/Src/stm32f1xx_hal_tim.o
                              0x879be (size before relaxing)
 .debug_str     0x0008e194      0x493 ./Drivers/STM32F1xx_HAL_Driver/Src/stm32f1xx_hal_tim_ex.o
                              0x871da (size before relaxing)
 .debug_str     0x0008e627      0x129 ./Drivers/STM32F1xx_HAL_Driver/Src/stm32f1xx_ll_usb.o
                              0x86a63 (size before relaxing)
 .debug_str     0x0008e750      0x645 ./Middlewares/ST/STM32_USB_Device_Library/Class/CDC/Src/usbd_cdc.o
                              0x8b5d3 (size before relaxing)
 .debug_str     0x0008ed95      0x281 ./Middlewares/ST/STM32_USB_Device_Library/Core/Src/usbd_core.o
                              0x8af0e (size before relaxing)
 .debug_str     0x0008f016      0x120 ./Middlewares/ST/STM32_USB_Device_Library/Core/Src/usbd_ctlreq.o
                              0x8ae28 (size before relaxing)
 .debug_str     0x0008f136       0x51 ./Middlewares/ST/STM32_USB_Device_Library/Core/Src/usbd_ioreq.o
                              0x8ad55 (size before relaxing)
 .debug_str     0x0008f187      0x159 ./STM32_VCP/usbd_cdc_if.o
                              0x8b1bc (size before relaxing)
 .debug_str     0x0008f2e0       0xa2 ./USB_DEVICE/App/usb_device.o
                              0x8b0e0 (size before relaxing)
 .debug_str     0x0008f382      0x258 ./USB_DEVICE/App/usbd_desc.o
                              0x8ac91 (size before relaxing)
 .debug_str     0x0008f5da       0x78 ./USB_DEVICE/Target/usbd_conf.o
                              0x8bb4c (size before relaxing)

.comment        0x00000000       0x43
 .comment       0x00000000       0x43 ./Core/Src/main.o
                                 0x44 (size before relaxing)
 .comment       0x00000043       0x44 ./Core/Src/stm32f1xx_hal_msp.o
 .comment       0x00000043       0x44 ./Core/Src/stm32f1xx_it.o
 .comment       0x00000043       0x44 ./Core/Src/system_stm32f1xx.o
 .comment       0x00000043       0x44 ./Drivers/STM32F1xx_HAL_Driver/Src/stm32f1xx_hal.o
 .comment       0x00000043       0x44 ./Drivers/STM32F1xx_HAL_Driver/Src/stm32f1xx_hal_can.o
 .comment       0x00000043       0x44 ./Drivers/STM32F1xx_HAL_Driver/Src/stm32f1xx_hal_cortex.o
 .comment       0x00000043       0x44 ./Drivers/STM32F1xx_HAL_Driver/Src/stm32f1xx_hal_gpio.o
 .comment       0x00000043       0x44 ./Drivers/STM32F1xx_HAL_Driver/Src/stm32f1xx_hal_pcd.o
 .comment       0x00000043       0x44 ./Drivers/STM32F1xx_HAL_Driver/Src/stm32f1xx_hal_pcd_ex.o
 .comment       0x00000043       0x44 ./Drivers/STM32F1xx_HAL_Driver/Src/stm32f1xx_hal_rcc.o
 .comment       0x00000043       0x44 ./Drivers/STM32F1xx_HAL_Driver/Src/stm32f1xx_hal_rcc_ex.o
 .comment       0x00000043       0x44 ./Drivers/STM32F1xx_HAL_Driver/Src/stm32f1xx_hal_tim.o
 .comment       0x00000043       0x44 ./Drivers/STM32F1xx_HAL_Driver/Src/stm32f1xx_hal_tim_ex.o
 .comment       0x00000043       0x44 ./Drivers/STM32F1xx_HAL_Driver/Src/stm32f1xx_ll_usb.o
 .comment       0x00000043       0x44 ./Middlewares/ST/STM32_USB_Device_Library/Class/CDC/Src/usbd_cdc.o
 .comment       0x00000043       0x44 ./Middlewares/ST/STM32_USB_Device_Library/Core/Src/usbd_core.o
 .comment       0x00000043       0x44 ./Middlewares/ST/STM32_USB_Device_Library/Core/Src/usbd_ctlreq.o
 .comment       0x00000043       0x44 ./Middlewares/ST/STM32_USB_Device_Library/Core/Src/usbd_ioreq.o
 .comment       0x00000043       0x44 ./STM32_VCP/usbd_cdc_if.o
 .comment       0x00000043       0x44 ./USB_DEVICE/App/usb_device.o
 .comment       0x00000043       0x44 ./USB_DEVICE/App/usbd_desc.o
 .comment       0x00000043       0x44 ./USB_DEVICE/Target/usbd_conf.o

.debug_frame    0x00000000     0x486c
 .debug_frame   0x00000000      0x230 ./Core/Src/main.o
 .debug_frame   0x00000230       0xf4 ./Core/Src/stm32f1xx_hal_msp.o
 .debug_frame   0x00000324      0x120 ./Core/Src/stm32f1xx_it.o
 .debug_frame   0x00000444       0x58 ./Core/Src/system_stm32f1xx.o
 .debug_frame   0x0000049c      0x334 ./Drivers/STM32F1xx_HAL_Driver/Src/stm32f1xx_hal.o
 .debug_frame   0x000007d0      0x5a0 ./Drivers/STM32F1xx_HAL_Driver/Src/stm32f1xx_hal_can.o
 .debug_frame   0x00000d70      0x428 ./Drivers/STM32F1xx_HAL_Driver/Src/stm32f1xx_hal_cortex.o
 .debug_frame   0x00001198      0x14c ./Drivers/STM32F1xx_HAL_Driver/Src/stm32f1xx_hal_gpio.o
 .debug_frame   0x000012e4      0x59c ./Drivers/STM32F1xx_HAL_Driver/Src/stm32f1xx_hal_pcd.o
 .debug_frame   0x00001880       0xb0 ./Drivers/STM32F1xx_HAL_Driver/Src/stm32f1xx_hal_pcd_ex.o
 .debug_frame   0x00001930      0x218 ./Drivers/STM32F1xx_HAL_Driver/Src/stm32f1xx_hal_rcc.o
 .debug_frame   0x00001b48       0x80 ./Drivers/STM32F1xx_HAL_Driver/Src/stm32f1xx_hal_rcc_ex.o
 .debug_frame   0x00001bc8     0x11bc ./Drivers/STM32F1xx_HAL_Driver/Src/stm32f1xx_hal_tim.o
 .debug_frame   0x00002d84      0x638 ./Drivers/STM32F1xx_HAL_Driver/Src/stm32f1xx_hal_tim_ex.o
 .debug_frame   0x000033bc      0x478 ./Drivers/STM32F1xx_HAL_Driver/Src/stm32f1xx_ll_usb.o
 .debug_frame   0x00003834      0x248 ./Middlewares/ST/STM32_USB_Device_Library/Class/CDC/Src/usbd_cdc.o
 .debug_frame   0x00003a7c      0x300 ./Middlewares/ST/STM32_USB_Device_Library/Core/Src/usbd_core.o
 .debug_frame   0x00003d7c      0x218 ./Middlewares/ST/STM32_USB_Device_Library/Core/Src/usbd_ctlreq.o
 .debug_frame   0x00003f94      0x10c ./Middlewares/ST/STM32_USB_Device_Library/Core/Src/usbd_ioreq.o
 .debug_frame   0x000040a0      0x14c ./STM32_VCP/usbd_cdc_if.o
 .debug_frame   0x000041ec       0x2c ./USB_DEVICE/App/usb_device.o
 .debug_frame   0x00004218      0x160 ./USB_DEVICE/App/usbd_desc.o
 .debug_frame   0x00004378      0x4a8 ./USB_DEVICE/Target/usbd_conf.o
 .debug_frame   0x00004820       0x20 C:/ST/STM32CubeIDE_1.15.0/STM32CubeIDE/plugins/com.st.stm32cube.ide.mcu.externaltools.gnu-tools-for-stm32.12.3.rel1.win32_1.0.100.202403111256/tools/bin/../lib/gcc/arm-none-eabi/12.3.1/../../../../arm-none-eabi/lib/thumb/v7-m/nofp\libc_nano.a(libc_a-memset.o)
 .debug_frame   0x00004840       0x2c C:/ST/STM32CubeIDE_1.15.0/STM32CubeIDE/plugins/com.st.stm32cube.ide.mcu.externaltools.gnu-tools-for-stm32.12.3.rel1.win32_1.0.100.202403111256/tools/bin/../lib/gcc/arm-none-eabi/12.3.1/../../../../arm-none-eabi/lib/thumb/v7-m/nofp\libc_nano.a(libc_a-init.o)

.debug_line_str
                0x00000000       0x9b
 .debug_line_str
                0x00000000       0x9b ./Core/Startup/startup_stm32f103c8tx.o
